Archive member included to satisfy reference by file (symbol)

app/libapp.a(main.c.obj)      (--whole-archive)
zephyr/libzephyr.a(cbprintf.c.obj)
                              (--whole-archive)
zephyr/libzephyr.a(cbprintf_packaged.c.obj)
                              (--whole-archive)
zephyr/libzephyr.a(crc32c_sw.c.obj)
                              (--whole-archive)
zephyr/libzephyr.a(crc32_sw.c.obj)
                              (--whole-archive)
zephyr/libzephyr.a(crc16_sw.c.obj)
                              (--whole-archive)
zephyr/libzephyr.a(crc8_sw.c.obj)
                              (--whole-archive)
zephyr/libzephyr.a(crc7_sw.c.obj)
                              (--whole-archive)
zephyr/libzephyr.a(dec.c.obj)
                              (--whole-archive)
zephyr/libzephyr.a(fdtable.c.obj)
                              (--whole-archive)
zephyr/libzephyr.a(hex.c.obj)
                              (--whole-archive)
zephyr/libzephyr.a(notify.c.obj)
                              (--whole-archive)
zephyr/libzephyr.a(printk.c.obj)
                              (--whole-archive)
zephyr/libzephyr.a(onoff.c.obj)
                              (--whole-archive)
zephyr/libzephyr.a(rb.c.obj)  (--whole-archive)
zephyr/libzephyr.a(sem.c.obj)
                              (--whole-archive)
zephyr/libzephyr.a(thread_entry.c.obj)
                              (--whole-archive)
zephyr/libzephyr.a(timeutil.c.obj)
                              (--whole-archive)
zephyr/libzephyr.a(heap.c.obj)
                              (--whole-archive)
zephyr/libzephyr.a(heap-validate.c.obj)
                              (--whole-archive)
zephyr/libzephyr.a(bitarray.c.obj)
                              (--whole-archive)
zephyr/libzephyr.a(cbprintf_complete.c.obj)
                              (--whole-archive)
zephyr/libzephyr.a(ring_buffer.c.obj)
                              (--whole-archive)
zephyr/libzephyr.a(mpsc_pbuf.c.obj)
                              (--whole-archive)
zephyr/libzephyr.a(fnmatch.c.obj)
                              (--whole-archive)
zephyr/libzephyr.a(configs.c.obj)
                              (--whole-archive)
zephyr/libzephyr.a(soc.c.obj)
                              (--whole-archive)
zephyr/libzephyr.a(thread_info.c.obj)
                              (--whole-archive)
zephyr/libzephyr.a(log_list.c.obj)
                              (--whole-archive)
zephyr/libzephyr.a(log_core.c.obj)
                              (--whole-archive)
zephyr/libzephyr.a(log_msg.c.obj)
                              (--whole-archive)
zephyr/libzephyr.a(log_output.c.obj)
                              (--whole-archive)
zephyr/libzephyr.a(log_cmds.c.obj)
                              (--whole-archive)
zephyr/libzephyr.a(log_backend_rtt.c.obj)
                              (--whole-archive)
zephyr/libzephyr.a(kernel_service.c.obj)
                              (--whole-archive)
zephyr/libzephyr.a(device_service.c.obj)
                              (--whole-archive)
zephyr/libzephyr.a(shell.c.obj)
                              (--whole-archive)
zephyr/libzephyr.a(shell_fprintf.c.obj)
                              (--whole-archive)
zephyr/libzephyr.a(shell_utils.c.obj)
                              (--whole-archive)
zephyr/libzephyr.a(shell_ops.c.obj)
                              (--whole-archive)
zephyr/libzephyr.a(shell_uart.c.obj)
                              (--whole-archive)
zephyr/libzephyr.a(shell_help.c.obj)
                              (--whole-archive)
zephyr/libzephyr.a(shell_cmds.c.obj)
                              (--whole-archive)
zephyr/libzephyr.a(shell_history.c.obj)
                              (--whole-archive)
zephyr/libzephyr.a(shell_log_backend.c.obj)
                              (--whole-archive)
zephyr/libzephyr.a(shell_wildcard.c.obj)
                              (--whole-archive)
zephyr/libzephyr.a(sysview_config.c.obj)
                              (--whole-archive)
zephyr/libzephyr.a(sysview.c.obj)
                              (--whole-archive)
zephyr/libzephyr.a(uart_console.c.obj)
                              (--whole-archive)
zephyr/libzephyr.a(rtt_console.c.obj)
                              (--whole-archive)
zephyr/libzephyr.a(clock_control_mcux_ccm.c.obj)
                              (--whole-archive)
zephyr/libzephyr.a(sys_clock_init.c.obj)
                              (--whole-archive)
zephyr/libzephyr.a(cortex_m_systick.c.obj)
                              (--whole-archive)
zephyr/arch/common/libarch__common.a(sw_isr_common.c.obj)
                              (--whole-archive)
zephyr/arch/arch/arm/core/aarch32/libarch__arm__core__aarch32.a(swap.c.obj)
                              (--whole-archive)
zephyr/arch/arch/arm/core/aarch32/libarch__arm__core__aarch32.a(swap_helper.S.obj)
                              (--whole-archive)
zephyr/arch/arch/arm/core/aarch32/libarch__arm__core__aarch32.a(irq_manage.c.obj)
                              (--whole-archive)
[...]
Memory Configuration

Name             Origin             Length             Attributes
OCRAM            0x0000000020200000 0x0000000000040000 xw
FLASH            0x0000000060000000 0x0000000004000000 xr
SRAM             0x0000000080000000 0x0000000002000000 xw
ITCM             0x0000000000000000 0x0000000000020000 rw
DTCM             0x0000000020000000 0x0000000000020000 rw
IDT_LIST         0x0000000082000000 0x0000000000000800 xw
*default*        0x0000000000000000 0xffffffffffffffff

Linker script and memory map

LOAD zephyr/CMakeFiles/zephyr_final.dir/misc/empty_file.c.obj
LOAD zephyr/CMakeFiles/zephyr_final.dir/isr_tables.c.obj
LOAD zephyr/CMakeFiles/zephyr_final.dir/dev_handles.c.obj
LOAD zephyr/CMakeFiles/offsets.dir/./arch/arm/core/offsets/offsets.c.obj
                0x0000000000000020                _region_min_align = 0x20

.rel.plt        0x0000000060000000        0x0
 *(SORT_BY_ALIGNMENT(.rel.plt))
                [!provide]                        PROVIDE (__rel_iplt_start = .)
 *(SORT_BY_ALIGNMENT(.rel.iplt))
 .rel.iplt      0x0000000060000000        0x0 zephyr/CMakeFiles/zephyr_final.dir/isr_tables.c.obj
                [!provide]                        PROVIDE (__rel_iplt_end = .)

.rela.plt       0x0000000000000000        0x0
 *(SORT_BY_ALIGNMENT(.rela.plt))
                [!provide]                        PROVIDE (__rela_iplt_start = .)
 *(SORT_BY_ALIGNMENT(.rela.iplt))
                [!provide]                        PROVIDE (__rela_iplt_end = .)

.rel.dyn
 *(SORT_BY_ALIGNMENT(.rel.*))

.rela.dyn
 *(SORT_BY_ALIGNMENT(.rela.*))

/DISCARD/
 *(SORT_BY_ALIGNMENT(.plt))
 *(SORT_BY_ALIGNMENT(.iplt))
 *(SORT_BY_ALIGNMENT(.got.plt))
 *(SORT_BY_ALIGNMENT(.igot.plt))
 *(SORT_BY_ALIGNMENT(.got))
 *(SORT_BY_ALIGNMENT(.igot))
 *(SORT_BY_ALIGNMENT(.irq_info*))
 *(SORT_BY_ALIGNMENT(.intList*))
 *(SORT_BY_ALIGNMENT(.note.GNU-stack))
                0x0000000060000000                _image_rom_start = 0x60000000

rom_start       0x0000000060000000     0x22c0
                0x0000000000000000                . = 0x0
 *(SORT_BY_ALIGNMENT(.boot_hdr.conf))
 .boot_hdr.conf
                0x0000000060000000      0x200 modules/nxp/lib..__modules__hal__nxp.a(evkbimxrt1050_flexspi_nor_config.c.obj)
                0x0000000060000000                hyperflash_config
                0x0000000000001000                . = 0x1000
 *fill*         0x0000000060000200      0xe00 
 *(SORT_BY_ALIGNMENT(.boot_hdr.ivt))
 .boot_hdr.ivt  0x0000000060001000       0x20 zephyr/libzephyr.a(soc.c.obj)
                0x0000000060001000                image_vector_table
 *(SORT_BY_ALIGNMENT(.boot_hdr.data))
 .boot_hdr.data
                0x0000000060001020       0x10 zephyr/libzephyr.a(soc.c.obj)
                0x0000000060001020                boot_data
 *(SORT_BY_ALIGNMENT(.boot_hdr.dcd_data))
 .boot_hdr.dcd_data
                0x0000000060001030      0x410 modules/nxp/lib..__modules__hal__nxp.a(dcd.c.obj)
                0x0000000060001030                dcd_data
                0x0000000000002000                . = 0x2000
 *fill*         0x0000000060001440      0xbc0 
                0x0000000060002000                . = ALIGN (0x4)
                0x0000000060002000                . = ALIGN (0x80)
                0x0000000060002000                . = ALIGN (0x400)
                0x0000000060002000                _vector_start = .
 *(SORT_BY_ALIGNMENT(.exc_vector_table))
 *(SORT_BY_ALIGNMENT(.exc_vector_table.*))
 .exc_vector_table._vector_table_section
                0x0000000060002000       0x40 zephyr/arch/arch/arm/core/aarch32/cortex_m/libarch__arm__core__aarch32__cortex_m.a(vector_table.S.obj)
                0x0000000060002000                _vector_table
 *(SORT_BY_ALIGNMENT(.gnu.linkonce.irq_vector_table*))
 .gnu.linkonce.irq_vector_table
                0x0000000060002040      0x280 zephyr/CMakeFiles/zephyr_final.dir/isr_tables.c.obj
                0x0000000060002040                _irq_vector_table
 *(SORT_BY_ALIGNMENT(.vectors))
                0x00000000600022c0                _vector_end = .

text            0x00000000600022c0     0xa658
                0x00000000600022c0                _image_text_start = .
 *(SORT_BY_ALIGNMENT(.text))
 .text          0x00000000600022c0       0x30 /home/ravisha96/zephyr-sdk-0.13.2/arm-zephyr-eabi/bin/../lib/gcc/arm-zephyr-eabi/10.3.0/thumb/v7e-m/nofp/libgcc.a(_aeabi_uldivmod.o)
                0x00000000600022c0                __aeabi_uldivmod
 .text          0x00000000600022f0        0x4 /home/ravisha96/zephyr-sdk-0.13.2/arm-zephyr-eabi/bin/../lib/gcc/arm-zephyr-eabi/10.3.0/thumb/v7e-m/nofp/libgcc.a(_dvmd_tls.o)
                0x00000000600022f0                __aeabi_ldiv0
                0x00000000600022f0                __aeabi_idiv0
 .text          0x00000000600022f4      0x2a6 /home/ravisha96/zephyr-sdk-0.13.2/arm-zephyr-eabi/bin/../lib/gcc/arm-zephyr-eabi/10.3.0/thumb/v7e-m/nofp/libgcc.a(_udivmoddi4.o)
                0x00000000600022f4                __udivmoddi4
 *(SORT_BY_ALIGNMENT(.text.*))
 *fill*         0x000000006000259a        0x2 
 .text.cmd_activate
                0x000000006000259c       0x10 app/libapp.a(main.c.obj)
 .text.thread_entry
                0x00000000600025ac       0xb8 app/libapp.a(main.c.obj)
                0x00000000600025ac                thread_entry
 .text.thread_expiry
                0x0000000060002664       0x14 app/libapp.a(main.c.obj)
                0x0000000060002664                thread_expiry
 .text.main     0x0000000060002678      0x124 app/libapp.a(main.c.obj)
                0x0000000060002678                main
 .text.__printk_hook_install
                0x000000006000279c        0xc zephyr/libzephyr.a(printk.c.obj)
                0x000000006000279c                __printk_hook_install
 .text.vsnprintk
                0x00000000600027a8       0x28 zephyr/libzephyr.a(printk.c.obj)
                0x00000000600027a8                vsnprintk
 .text.cbvprintf
                0x00000000600027d0      0x784 zephyr/libzephyr.a(cbprintf_complete.c.obj)
                0x00000000600027d0                cbvprintf
 .text.imxrt_init
                0x0000000060002f54      0x1d8 zephyr/libzephyr.a(soc.c.obj)
 .text.enable_logger
                0x000000006000312c       0x5c zephyr/libzephyr.a(log_core.c.obj)
 .text.log_process_thread_timer_expiry_fn
                0x0000000060003188        0xc zephyr/libzephyr.a(log_core.c.obj)
 .text.log_core_init
                0x0000000060003194       0x7c zephyr/libzephyr.a(log_core.c.obj)
                0x0000000060003194                log_core_init
 .text.get_msg  0x0000000060003210       0x28 zephyr/libzephyr.a(log_core.c.obj)
                0x0000000060003210                get_msg
 .text.z_log_dropped
                0x0000000060003238       0x20 zephyr/libzephyr.a(log_core.c.obj)
                0x0000000060003238                z_log_dropped
 .text.z_log_dropped_read_and_clear
                0x0000000060003258       0x20 zephyr/libzephyr.a(log_core.c.obj)
                0x0000000060003258                z_log_dropped_read_and_clear
 .text.dropped_notify
                0x0000000060003278       0x38 zephyr/libzephyr.a(log_core.c.obj)
                0x0000000060003278                dropped_notify
 .text.log_source_name_get
                0x00000000600032b0       0x1c zephyr/libzephyr.a(log_core.c.obj)
                0x00000000600032b0                log_source_name_get
 .text.z_impl_log_filter_set
                0x00000000600032cc       0xa8 zephyr/libzephyr.a(log_core.c.obj)
                0x00000000600032cc                z_impl_log_filter_set
 .text.backend_filter_set
                0x0000000060003374       0x30 zephyr/libzephyr.a(log_core.c.obj)
 .text.log_backend_enable
                0x00000000600033a4       0x40 zephyr/libzephyr.a(log_core.c.obj)
                0x00000000600033a4                log_backend_enable
 .text.log_init
                0x00000000600033e4       0x58 zephyr/libzephyr.a(log_core.c.obj)
                0x00000000600033e4                log_init
 .text.log_filter_get
                0x000000006000343c       0x34 zephyr/libzephyr.a(log_core.c.obj)
                0x000000006000343c                log_filter_get
 .text.z_log_strdup
                0x0000000060003470       0x6c zephyr/libzephyr.a(log_core.c.obj)
                0x0000000060003470                z_log_strdup
 .text.log_is_strdup
                0x00000000600034dc       0x1c zephyr/libzephyr.a(log_core.c.obj)
                0x00000000600034dc                log_is_strdup
 .text.z_impl_log_process
                0x00000000600034f8      0x190 zephyr/libzephyr.a(log_core.c.obj)
                0x00000000600034f8                z_impl_log_process
 .text.log_process_thread_func
                0x0000000060003688       0x48 zephyr/libzephyr.a(log_core.c.obj)
 .text.msg_finalize
                0x00000000600036d0       0xc4 zephyr/libzephyr.a(log_core.c.obj)
 .text.z_impl_log_panic
                0x0000000060003794       0x48 zephyr/libzephyr.a(log_core.c.obj)
                0x0000000060003794                z_impl_log_panic
 .text.log_free
                0x00000000600037dc       0x34 zephyr/libzephyr.a(log_core.c.obj)
                0x00000000600037dc                log_free
 .text.log_msg_pool_init
                0x0000000060003810       0x14 zephyr/libzephyr.a(log_msg.c.obj)
                0x0000000060003810                log_msg_pool_init
 .text.log_msg_no_space_handle
                0x0000000060003824       0x30 zephyr/libzephyr.a(log_msg.c.obj)
                0x0000000060003824                log_msg_no_space_handle
 .text.log_msg_chunk_alloc
                0x0000000060003854       0x28 zephyr/libzephyr.a(log_msg.c.obj)
                0x0000000060003854                log_msg_chunk_alloc
 .text.msg_free
                0x000000006000387c       0x7c zephyr/libzephyr.a(log_msg.c.obj)
 .text.print_formatted
                0x00000000600038f8       0x24 zephyr/libzephyr.a(log_output.c.obj)
 .text.hexdump_line_print
                0x000000006000391c       0xdc zephyr/libzephyr.a(log_output.c.obj)
 .text.prefix_print
                0x00000000600039f8      0x124 zephyr/libzephyr.a(log_output.c.obj)
 .text.postfix_print
                0x0000000060003b1c       0x3c zephyr/libzephyr.a(log_output.c.obj)
 .text.log_output_msg_process
                0x0000000060003b58       0xf8 zephyr/libzephyr.a(log_output.c.obj)
                0x0000000060003b58                log_output_msg_process
 .text.log_output_dropped_process
                0x0000000060003c50       0x58 zephyr/libzephyr.a(log_output.c.obj)
                0x0000000060003c50                log_output_dropped_process
 .text.log_output_timestamp_freq_set
                0x0000000060003ca8       0x30 zephyr/libzephyr.a(log_output.c.obj)
                0x0000000060003ca8                log_output_timestamp_freq_set
 .text.severity_lvl_get
                0x0000000060003cd8       0x24 zephyr/libzephyr.a(log_cmds.c.obj)
 .text.backend_name_get
                0x0000000060003cfc       0x30 zephyr/libzephyr.a(log_cmds.c.obj)
 .text.cmd_log_backends_list
                0x0000000060003d2c       0x64 zephyr/libzephyr.a(log_cmds.c.obj)
 .text.log_status
                0x0000000060003d90       0xb8 zephyr/libzephyr.a(log_cmds.c.obj)
 .text.module_name_get
                0x0000000060003e48       0x20 zephyr/libzephyr.a(log_cmds.c.obj)
 .text.shell_backend_cmd_execute
                0x0000000060003e68       0x78 zephyr/libzephyr.a(log_cmds.c.obj)
 .text.cmd_log_backend_status
                0x0000000060003ee0       0x10 zephyr/libzephyr.a(log_cmds.c.obj)
 .text.cmd_log_backend_halt
                0x0000000060003ef0        0xc zephyr/libzephyr.a(log_cmds.c.obj)
 .text.cmd_log_backend_go
                0x0000000060003efc        0xc zephyr/libzephyr.a(log_cmds.c.obj)
 .text.cmd_log_backend_enable
                0x0000000060003f08        0xc zephyr/libzephyr.a(log_cmds.c.obj)
 .text.cmd_log_backend_disable
                0x0000000060003f14        0xc zephyr/libzephyr.a(log_cmds.c.obj)
 .text.shell_state_precheck
                0x0000000060003f20       0x20 zephyr/libzephyr.a(log_cmds.c.obj)
 .text.filters_set
                0x0000000060003f40       0xd4 zephyr/libzephyr.a(log_cmds.c.obj)
 .text.log_enable
                0x0000000060004014       0x60 zephyr/libzephyr.a(log_cmds.c.obj)
 .text.log_backend_rtt_init
                0x0000000060004074        0xc zephyr/libzephyr.a(log_backend_rtt.c.obj)
 .text.panic    0x0000000060004080       0x14 zephyr/libzephyr.a(log_backend_rtt.c.obj)
 .text.dropped  0x0000000060004094        0xc zephyr/libzephyr.a(log_backend_rtt.c.obj)
 .text.put      0x00000000600040a0       0x24 zephyr/libzephyr.a(log_backend_rtt.c.obj)
 .text.on_failed_write.part.0
                0x00000000600040c4       0x1c zephyr/libzephyr.a(log_backend_rtt.c.obj)
 .text.data_out_block_mode
                0x00000000600040e0       0xa0 zephyr/libzephyr.a(log_backend_rtt.c.obj)
 .text.cmd_kernel_version
                0x0000000060004180       0x2c zephyr/libzephyr.a(kernel_service.c.obj)
 .text.cmd_kernel_uptime
                0x00000000600041ac       0x24 zephyr/libzephyr.a(kernel_service.c.obj)
 .text.cmd_kernel_threads
                0x00000000600041d0       0x38 zephyr/libzephyr.a(kernel_service.c.obj)
 .text.cmd_kernel_stacks
                0x0000000060004208       0x60 zephyr/libzephyr.a(kernel_service.c.obj)
 .text.shell_tdata_dump
                0x0000000060004268       0xcc zephyr/libzephyr.a(kernel_service.c.obj)
 .text.cmd_kernel_cycles
                0x0000000060004334       0x1c zephyr/libzephyr.a(kernel_service.c.obj)
 .text.shell_stack_dump
                0x0000000060004350       0x6c zephyr/libzephyr.a(kernel_service.c.obj)
 .text.get_device_name
                0x00000000600043bc       0x20 zephyr/libzephyr.a(device_service.c.obj)
 .text.cmd_device_list_visitor
                0x00000000600043dc       0x20 zephyr/libzephyr.a(device_service.c.obj)
 .text.cmd_device_list
                0x00000000600043fc       0x98 zephyr/libzephyr.a(device_service.c.obj)
 .text.device_get_config_level
                0x0000000060004494       0x54 zephyr/libzephyr.a(device_service.c.obj)
 .text.cmd_device_levels
                0x00000000600044e8       0x94 zephyr/libzephyr.a(device_service.c.obj)
 .text.shell_internal_help_print
                0x000000006000457c       0x20 zephyr/libzephyr.a(shell.c.obj)
 .text.z_cursor_next_line_move.isra.0
                0x000000006000459c        0xc zephyr/libzephyr.a(shell.c.obj)
 .text.history_handle
                0x00000000600045a8       0xa0 zephyr/libzephyr.a(shell.c.obj)
 .text.state_set.constprop.0
                0x0000000060004648       0x44 zephyr/libzephyr.a(shell.c.obj)
 .text.execute  0x000000006000468c      0x2bc zephyr/libzephyr.a(shell.c.obj)
 .text.shell_process
                0x0000000060004948      0x64c zephyr/libzephyr.a(shell.c.obj)
                0x0000000060004948                shell_process
 .text.shell_init
                0x0000000060004f94      0x114 zephyr/libzephyr.a(shell.c.obj)
                0x0000000060004f94                shell_init
 .text.shell_start
                0x00000000600050a8       0x4c zephyr/libzephyr.a(shell.c.obj)
                0x00000000600050a8                shell_start
 .text.shell_thread
                0x00000000600050f4       0xc8 zephyr/libzephyr.a(shell.c.obj)
                0x00000000600050f4                shell_thread
 .text.cmd_help
                0x00000000600051bc       0x4c zephyr/libzephyr.a(shell.c.obj)
 .text.z_shell_fprintf_fmt
                0x0000000060005208       0x28 zephyr/libzephyr.a(shell_fprintf.c.obj)
                0x0000000060005208                z_shell_fprintf_fmt
 .text.z_shell_cmd_get
                0x0000000060005230       0x4c zephyr/libzephyr.a(shell_utils.c.obj)
                0x0000000060005230                z_shell_cmd_get
 .text.z_cursor_next_line_move.isra.0
                0x000000006000527c        0xc zephyr/libzephyr.a(shell_ops.c.obj)
 .text.z_clear_eos.isra.0
                0x0000000060005288       0x10 zephyr/libzephyr.a(shell_ops.c.obj)
 .text.z_shell_op_cursor_vert_move
                0x0000000060005298       0x20 zephyr/libzephyr.a(shell_ops.c.obj)
                0x0000000060005298                z_shell_op_cursor_vert_move
 .text.z_shell_op_cursor_horiz_move
                0x00000000600052b8       0x20 zephyr/libzephyr.a(shell_ops.c.obj)
                0x00000000600052b8                z_shell_op_cursor_horiz_move
 .text.z_shell_print_cmd
                0x00000000600052d8       0x10 zephyr/libzephyr.a(shell_ops.c.obj)
                0x00000000600052d8                z_shell_print_cmd
 .text.z_shell_vt100_color_set
                0x00000000600052e8       0x6c zephyr/libzephyr.a(shell_ops.c.obj)
                0x00000000600052e8                z_shell_vt100_color_set
 .text.z_shell_vt100_colors_restore
                0x0000000060005354       0x58 zephyr/libzephyr.a(shell_ops.c.obj)
                0x0000000060005354                z_shell_vt100_colors_restore
 .text.z_shell_op_word_remove
                0x00000000600053ac       0xa8 zephyr/libzephyr.a(shell_ops.c.obj)
                0x00000000600053ac                z_shell_op_word_remove
 .text.reprint_from_cursor
                0x0000000060005454       0x7c zephyr/libzephyr.a(shell_ops.c.obj)
 .text.z_shell_op_char_insert
                0x00000000600054d0       0x68 zephyr/libzephyr.a(shell_ops.c.obj)
                0x00000000600054d0                z_shell_op_char_insert
 .text.z_shell_print_prompt_and_cmd
                0x0000000060005538       0x30 zephyr/libzephyr.a(shell_ops.c.obj)
                0x0000000060005538                z_shell_print_prompt_and_cmd
 .text.enable_shell_uart
                0x0000000060005568       0x30 zephyr/libzephyr.a(shell_uart.c.obj)
 .text.init     0x0000000060005598       0x58 zephyr/libzephyr.a(shell_uart.c.obj)
 .text.uart_callback
                0x00000000600055f0      0x110 zephyr/libzephyr.a(shell_uart.c.obj)
 .text.z_cursor_next_line_move.isra.0
                0x0000000060005700        0xc zephyr/libzephyr.a(shell_help.c.obj)
 .text.z_shell_help_subcmd_print
                0x000000006000570c       0xb0 zephyr/libzephyr.a(shell_help.c.obj)
                0x000000006000570c                z_shell_help_subcmd_print
 .text.z_shell_help_cmd_print
                0x00000000600057bc       0x48 zephyr/libzephyr.a(shell_help.c.obj)
                0x00000000600057bc                z_shell_help_cmd_print
 .text.z_shell_help_request
                0x0000000060005804       0x28 zephyr/libzephyr.a(shell_help.c.obj)
                0x0000000060005804                z_shell_help_request
 .text.cmd_clear
                0x000000006000582c       0x2c zephyr/libzephyr.a(shell_cmds.c.obj)
 .text.cmd_resize_default
                0x0000000060005858       0x24 zephyr/libzephyr.a(shell_cmds.c.obj)
 .text.cmd_shell_stats_show
                0x000000006000587c       0x18 zephyr/libzephyr.a(shell_cmds.c.obj)
 .text.cmd_history
                0x0000000060005894       0x48 zephyr/libzephyr.a(shell_cmds.c.obj)
 .text.cmd_echo
                0x00000000600058dc       0x54 zephyr/libzephyr.a(shell_cmds.c.obj)
 .text.cmd_resize
                0x0000000060005930      0x184 zephyr/libzephyr.a(shell_cmds.c.obj)
 .text.z_shell_wildcard_process
                0x0000000060005ab4       0xe8 zephyr/libzephyr.a(shell_wildcard.c.obj)
                0x0000000060005ab4                z_shell_wildcard_process
 .text.set_thread_name
                0x0000000060005b9c       0x3c zephyr/libzephyr.a(sysview_config.c.obj)
 .text.send_task_list_cb
                0x0000000060005bd8       0x48 zephyr/libzephyr.a(sysview_config.c.obj)
 .text.cbSendSystemDesc
                0x0000000060005c20       0x24 zephyr/libzephyr.a(sysview_config.c.obj)
 .text.SEGGER_SYSVIEW_Conf
                0x0000000060005c44       0x28 zephyr/libzephyr.a(sysview_config.c.obj)
                0x0000000060005c44                SEGGER_SYSVIEW_Conf
 .text.sysview_get_interrupt
                0x0000000060005c6c       0x10 zephyr/libzephyr.a(sysview.c.obj)
                0x0000000060005c6c                sysview_get_interrupt
 .text.sys_trace_k_thread_switched_in
                0x0000000060005c7c       0x20 zephyr/libzephyr.a(sysview.c.obj)
                0x0000000060005c7c                sys_trace_k_thread_switched_in
 .text.uart_console_init
                0x0000000060005c9c       0x2c zephyr/libzephyr.a(uart_console.c.obj)
 .text.console_out
                0x0000000060005cc8       0x28 zephyr/libzephyr.a(uart_console.c.obj)
 .text.rtt_console_init
                0x0000000060005cf0       0x18 zephyr/libzephyr.a(rtt_console.c.obj)
 .text.rtt_console_out
                0x0000000060005d08       0x6c zephyr/libzephyr.a(rtt_console.c.obj)
 .text.mcux_ccm_get_subsys_rate
                0x0000000060005d74       0x64 zephyr/libzephyr.a(clock_control_mcux_ccm.c.obj)
 .text.elapsed  0x0000000060005dd8       0x3c zephyr/libzephyr.a(cortex_m_systick.c.obj)
 .text.sys_clock_isr
                0x0000000060005e14       0x44 zephyr/libzephyr.a(cortex_m_systick.c.obj)
                0x0000000060005e14                sys_clock_isr
 .text.sys_clock_driver_init
                0x0000000060005e58       0x34 zephyr/libzephyr.a(cortex_m_systick.c.obj)
                0x0000000060005e58                sys_clock_driver_init
 .text.sys_clock_set_timeout
                0x0000000060005e8c       0xe0 zephyr/libzephyr.a(cortex_m_systick.c.obj)
                0x0000000060005e8c                sys_clock_set_timeout
 .text.sys_clock_elapsed
                0x0000000060005f6c       0x3c zephyr/libzephyr.a(cortex_m_systick.c.obj)
                0x0000000060005f6c                sys_clock_elapsed
 .text.sys_clock_cycle_get_32
                0x0000000060005fa8       0x2c zephyr/libzephyr.a(cortex_m_systick.c.obj)
                0x0000000060005fa8                sys_clock_cycle_get_32
 .text.arch_swap
                0x0000000060005fd4       0x38 zephyr/arch/arch/arm/core/aarch32/libarch__arm__core__aarch32.a(swap.c.obj)
                0x0000000060005fd4                arch_swap
 .text.z_arm_pendsv
                0x000000006000600c       0x6c zephyr/arch/arch/arm/core/aarch32/libarch__arm__core__aarch32.a(swap_helper.S.obj)
                0x000000006000600c                z_arm_pendsv
 .text.z_arm_svc
                0x0000000060006078       0x20 zephyr/arch/arch/arm/core/aarch32/libarch__arm__core__aarch32.a(swap_helper.S.obj)
                0x0000000060006078                z_arm_svc
 .text.arch_irq_enable
                0x0000000060006098       0x20 zephyr/arch/arch/arm/core/aarch32/libarch__arm__core__aarch32.a(irq_manage.c.obj)
                0x0000000060006098                arch_irq_enable
 .text.z_arm_irq_priority_set
                0x00000000600060b8       0x2c zephyr/arch/arch/arm/core/aarch32/libarch__arm__core__aarch32.a(irq_manage.c.obj)
                0x00000000600060b8                z_arm_irq_priority_set
 .text.arch_new_thread
                0x00000000600060e4       0x30 zephyr/arch/arch/arm/core/aarch32/libarch__arm__core__aarch32.a(thread.c.obj)
                0x00000000600060e4                arch_new_thread
 .text.z_check_thread_stack_fail
                0x0000000060006114       0x30 zephyr/arch/arch/arm/core/aarch32/libarch__arm__core__aarch32.a(thread.c.obj)
                0x0000000060006114                z_check_thread_stack_fail
 .text.arch_switch_to_main_thread
                0x0000000060006144       0x34 zephyr/arch/arch/arm/core/aarch32/libarch__arm__core__aarch32.a(thread.c.obj)
                0x0000000060006144                arch_switch_to_main_thread
 .text.z_arm_cpu_idle_init
                0x0000000060006178        0xc zephyr/arch/arch/arm/core/aarch32/libarch__arm__core__aarch32.a(cpu_idle.S.obj)
                0x0000000060006178                z_arm_cpu_idle_init
 .text.arch_cpu_idle
                0x0000000060006184       0x24 zephyr/arch/arch/arm/core/aarch32/libarch__arm__core__aarch32.a(cpu_idle.S.obj)
                0x0000000060006184                arch_cpu_idle
 .text.z_arm_fatal_error
                0x00000000600061a8       0x88 zephyr/arch/arch/arm/core/aarch32/libarch__arm__core__aarch32.a(fatal.c.obj)
                0x00000000600061a8                z_arm_fatal_error
 .text.z_SysNmiOnReset
                0x0000000060006230        0x8 zephyr/arch/arch/arm/core/aarch32/libarch__arm__core__aarch32.a(nmi_on_reset.S.obj)
                0x0000000060006230                z_SysNmiOnReset
 .text.z_arm_prep_c
                0x0000000060006238       0x44 zephyr/arch/arch/arm/core/aarch32/libarch__arm__core__aarch32.a(prep_c.c.obj)
                0x0000000060006238                z_arm_prep_c
 .text._isr_wrapper
                0x000000006000627c       0x30 zephyr/arch/arch/arm/core/aarch32/libarch__arm__core__aarch32.a(isr_wrapper.S.obj)
                0x000000006000627c                _isr_wrapper
 .text._reset_section
                0x00000000600062ac       0x38 zephyr/arch/arch/arm/core/aarch32/cortex_m/libarch__arm__core__aarch32__cortex_m.a(reset.S.obj)
                0x00000000600062ac                z_arm_reset
                0x00000000600062ac                __start
 .text.__fault  0x00000000600062e4       0x14 zephyr/arch/arch/arm/core/aarch32/cortex_m/libarch__arm__core__aarch32__cortex_m.a(fault_s.S.obj)
                0x00000000600062e4                z_arm_bus_fault
                0x00000000600062e4                z_arm_usage_fault
                0x00000000600062e4                z_arm_mpu_fault
                0x00000000600062e4                z_arm_exc_spurious
                0x00000000600062e4                z_arm_debug_monitor
                0x00000000600062e4                z_arm_hard_fault
 .text.mem_manage_fault
                0x00000000600062f8      0x164 zephyr/arch/arch/arm/core/aarch32/cortex_m/libarch__arm__core__aarch32__cortex_m.a(fault.c.obj)
 .text.usage_fault.constprop.0
                0x000000006000645c      0x118 zephyr/arch/arch/arm/core/aarch32/cortex_m/libarch__arm__core__aarch32__cortex_m.a(fault.c.obj)
 .text.bus_fault.constprop.0
                0x0000000060006574      0x148 zephyr/arch/arch/arm/core/aarch32/cortex_m/libarch__arm__core__aarch32__cortex_m.a(fault.c.obj)
 .text.z_arm_fault
                0x00000000600066bc      0x1d0 zephyr/arch/arch/arm/core/aarch32/cortex_m/libarch__arm__core__aarch32__cortex_m.a(fault.c.obj)
                0x00000000600066bc                z_arm_fault
 .text.z_arm_fault_init
                0x000000006000688c       0x10 zephyr/arch/arch/arm/core/aarch32/cortex_m/libarch__arm__core__aarch32__cortex_m.a(fault.c.obj)
                0x000000006000688c                z_arm_fault_init
 .text._HandlerModeExit
                0x000000006000689c       0x1c zephyr/arch/arch/arm/core/aarch32/cortex_m/libarch__arm__core__aarch32__cortex_m.a(exc_exit.S.obj)
                0x000000006000689c                z_arm_exc_exit
                0x000000006000689c                z_arm_int_exit
 .text.z_arm_interrupt_init
                0x00000000600068b8       0x18 zephyr/arch/arch/arm/core/aarch32/cortex_m/libarch__arm__core__aarch32__cortex_m.a(irq_init.c.obj)
                0x00000000600068b8                z_arm_interrupt_init
 .text.z_impl_k_thread_abort
                0x00000000600068d0       0x24 zephyr/arch/arch/arm/core/aarch32/cortex_m/libarch__arm__core__aarch32__cortex_m.a(thread_abort.c.obj)
                0x00000000600068d0                z_impl_k_thread_abort
 .text.z_arm_configure_static_mpu_regions
                0x00000000600068f4       0x18 zephyr/arch/arch/arm/core/aarch32/mpu/libarch__arm__core__aarch32__mpu.a(arm_core_mpu.c.obj)
                0x00000000600068f4                z_arm_configure_static_mpu_regions
 .text.z_arm_configure_dynamic_mpu_regions
                0x000000006000690c       0x24 zephyr/arch/arch/arm/core/aarch32/mpu/libarch__arm__core__aarch32__mpu.a(arm_core_mpu.c.obj)
                0x000000006000690c                z_arm_configure_dynamic_mpu_regions
 .text.mpu_configure_regions
                0x0000000060006930       0xd0 zephyr/arch/arch/arm/core/aarch32/mpu/libarch__arm__core__aarch32__mpu.a(arm_mpu.c.obj)
 .text.arm_core_mpu_enable
                0x0000000060006a00       0x18 zephyr/arch/arch/arm/core/aarch32/mpu/libarch__arm__core__aarch32__mpu.a(arm_mpu.c.obj)
                0x0000000060006a00                arm_core_mpu_enable
 .text.arm_core_mpu_disable
                0x0000000060006a18       0x14 zephyr/arch/arch/arm/core/aarch32/mpu/libarch__arm__core__aarch32__mpu.a(arm_mpu.c.obj)
                0x0000000060006a18                arm_core_mpu_disable
 .text.arm_core_mpu_configure_static_mpu_regions
                0x0000000060006a2c       0x14 zephyr/arch/arch/arm/core/aarch32/mpu/libarch__arm__core__aarch32__mpu.a(arm_mpu.c.obj)
                0x0000000060006a2c                arm_core_mpu_configure_static_mpu_regions
 .text.arm_core_mpu_configure_dynamic_mpu_regions
                0x0000000060006a40       0x30 zephyr/arch/arch/arm/core/aarch32/mpu/libarch__arm__core__aarch32__mpu.a(arm_mpu.c.obj)
                0x0000000060006a40                arm_core_mpu_configure_dynamic_mpu_regions
 .text.z_arm_mpu_init
                0x0000000060006a70       0x60 zephyr/arch/arch/arm/core/aarch32/mpu/libarch__arm__core__aarch32__mpu.a(arm_mpu.c.obj)
                0x0000000060006a70                z_arm_mpu_init
 .text.__stdout_hook_install
                0x0000000060006ad0        0xc zephyr/lib/libc/minimal/liblib__libc__minimal.a(stdout_console.c.obj)
                0x0000000060006ad0                __stdout_hook_install
 .text.snprintf
                0x0000000060006adc       0x30 zephyr/lib/libc/minimal/liblib__libc__minimal.a(sprintf.c.obj)
                0x0000000060006adc                snprintf
 .text.mimxrt1050_evk_init
                0x0000000060006b0c       0x50 zephyr/boards/arm/mimxrt1050_evk/libboards__arm__mimxrt1050_evk.a(pinmux.c.obj)
 .text.mcux_lpuart_init
                0x0000000060006b5c       0x24 zephyr/drivers/serial/libdrivers__serial.a(uart_mcux_lpuart.c.obj)
 .text.CLOCK_GetOscFreq
                0x0000000060006b80       0x20 modules/nxp/lib..__modules__hal__nxp.a(fsl_clock.c.obj)
 .text.CLOCK_InitArmPll
                0x0000000060006ba0       0x44 modules/nxp/lib..__modules__hal__nxp.a(fsl_clock.c.obj)
                0x0000000060006ba0                CLOCK_InitArmPll
 .text.CLOCK_InitSysPll
                0x0000000060006be4       0x68 modules/nxp/lib..__modules__hal__nxp.a(fsl_clock.c.obj)
                0x0000000060006be4                CLOCK_InitSysPll
 .text.CLOCK_InitUsb1Pll
                0x0000000060006c4c       0x44 modules/nxp/lib..__modules__hal__nxp.a(fsl_clock.c.obj)
                0x0000000060006c4c                CLOCK_InitUsb1Pll
 .text.CLOCK_GetPllFreq
                0x0000000060006c90      0x19c modules/nxp/lib..__modules__hal__nxp.a(fsl_clock.c.obj)
                0x0000000060006c90                CLOCK_GetPllFreq
 .text.CLOCK_ControlGate
                0x0000000060006e2c       0x24 modules/nxp/lib..__modules__hal__nxp.a(fsl_lpuart.c.obj)
 .text.LPUART_GetInstance
                0x0000000060006e50       0x1c modules/nxp/lib..__modules__hal__nxp.a(fsl_lpuart.c.obj)
                0x0000000060006e50                LPUART_GetInstance
 .text.LPUART_Init
                0x0000000060006e6c      0x19c modules/nxp/lib..__modules__hal__nxp.a(fsl_lpuart.c.obj)
                0x0000000060006e6c                LPUART_Init
 .text.LPUART_Deinit
                0x0000000060007008       0x38 modules/nxp/lib..__modules__hal__nxp.a(fsl_lpuart.c.obj)
                0x0000000060007008                LPUART_Deinit
 .text.LPUART_ClearStatusFlags
                0x0000000060007040       0x48 modules/nxp/lib..__modules__hal__nxp.a(fsl_lpuart.c.obj)
                0x0000000060007040                LPUART_ClearStatusFlags
 .text._DoInit  0x0000000060007088       0x5c modules/segger/libmodules__segger.a(SEGGER_RTT.c.obj)
 .text.k_mutex_lock.constprop.0.isra.0
                0x00000000600070e4       0x10 modules/segger/libmodules__segger.a(SEGGER_RTT.c.obj)
 .text.k_mutex_unlock.constprop.0.isra.0
                0x00000000600070f4        0xc modules/segger/libmodules__segger.a(SEGGER_RTT.c.obj)
 .text.SEGGER_RTT_ReadNoLock
                0x0000000060007100       0x88 modules/segger/libmodules__segger.a(SEGGER_RTT.c.obj)
                0x0000000060007100                SEGGER_RTT_ReadNoLock
 .text.SEGGER_RTT_WriteSkipNoLock
                0x0000000060007188       0x98 modules/segger/libmodules__segger.a(SEGGER_RTT.c.obj)
                0x0000000060007188                SEGGER_RTT_WriteSkipNoLock
 .text.SEGGER_RTT_WriteNoLock
                0x0000000060007220       0x60 modules/segger/libmodules__segger.a(SEGGER_RTT.c.obj)
                0x0000000060007220                SEGGER_RTT_WriteNoLock
 .text.SEGGER_RTT_HasDataUp
                0x0000000060007280       0x14 modules/segger/libmodules__segger.a(SEGGER_RTT.c.obj)
                0x0000000060007280                SEGGER_RTT_HasDataUp
 .text.SEGGER_RTT_AllocUpBuffer
                0x0000000060007294       0x74 modules/segger/libmodules__segger.a(SEGGER_RTT.c.obj)
                0x0000000060007294                SEGGER_RTT_AllocUpBuffer
 .text.SEGGER_RTT_ConfigDownBuffer
                0x0000000060007308       0x58 modules/segger/libmodules__segger.a(SEGGER_RTT.c.obj)
                0x0000000060007308                SEGGER_RTT_ConfigDownBuffer
 .text.SEGGER_SYSVIEW_Init
                0x0000000060007360       0x6c modules/segger/libmodules__segger.a(SEGGER_SYSVIEW.c.obj)
                0x0000000060007360                SEGGER_SYSVIEW_Init
 .text.SEGGER_SYSVIEW_SetRAMBase
                0x00000000600073cc        0xc modules/segger/libmodules__segger.a(SEGGER_SYSVIEW.c.obj)
                0x00000000600073cc                SEGGER_SYSVIEW_SetRAMBase
 .text.SEGGER_SYSVIEW_SendTaskList
                0x00000000600073d8       0x14 modules/segger/libmodules__segger.a(SEGGER_SYSVIEW.c.obj)
                0x00000000600073d8                SEGGER_SYSVIEW_SendTaskList
 .text.SEGGER_SYSVIEW_ShrinkId
                0x00000000600073ec        0xc modules/segger/libmodules__segger.a(SEGGER_SYSVIEW.c.obj)
                0x00000000600073ec                SEGGER_SYSVIEW_ShrinkId
 .text.SEGGER_SYSVIEW_SendModuleDescription
                0x00000000600073f8       0x18 modules/segger/libmodules__segger.a(SEGGER_SYSVIEW.c.obj)
                0x00000000600073f8                SEGGER_SYSVIEW_SendModuleDescription
 .text.SEGGER_SYSVIEW_SendNumModules
                0x0000000060007410       0x48 modules/segger/libmodules__segger.a(SEGGER_SYSVIEW.c.obj)
                0x0000000060007410                SEGGER_SYSVIEW_SendNumModules
 .text.SEGGER_SYSVIEW_Start
                0x0000000060007458       0xcc modules/segger/libmodules__segger.a(SEGGER_SYSVIEW.c.obj)
                0x0000000060007458                SEGGER_SYSVIEW_Start
 .text._HandleIncomingPacket
                0x0000000060007524       0x94 modules/segger/libmodules__segger.a(SEGGER_SYSVIEW.c.obj)
 .text._SendPacket
                0x00000000600075b8      0x158 modules/segger/libmodules__segger.a(SEGGER_SYSVIEW.c.obj)
 .text.SEGGER_SYSVIEW_RecordVoid
                0x0000000060007710       0x2c modules/segger/libmodules__segger.a(SEGGER_SYSVIEW.c.obj)
                0x0000000060007710                SEGGER_SYSVIEW_RecordVoid
 .text.SEGGER_SYSVIEW_RecordU32
                0x000000006000773c       0x48 modules/segger/libmodules__segger.a(SEGGER_SYSVIEW.c.obj)
                0x000000006000773c                SEGGER_SYSVIEW_RecordU32
 .text.SEGGER_SYSVIEW_RecordU32x2
                0x0000000060007784       0x60 modules/segger/libmodules__segger.a(SEGGER_SYSVIEW.c.obj)
                0x0000000060007784                SEGGER_SYSVIEW_RecordU32x2
 .text.SEGGER_SYSVIEW_RecordSystime
                0x00000000600077e4       0x30 modules/segger/libmodules__segger.a(SEGGER_SYSVIEW.c.obj)
                0x00000000600077e4                SEGGER_SYSVIEW_RecordSystime
 .text.SEGGER_SYSVIEW_Stop
                0x0000000060007814       0x38 modules/segger/libmodules__segger.a(SEGGER_SYSVIEW.c.obj)
                0x0000000060007814                SEGGER_SYSVIEW_Stop
 .text.SEGGER_SYSVIEW_GetSysDesc
                0x000000006000784c       0x90 modules/segger/libmodules__segger.a(SEGGER_SYSVIEW.c.obj)
                0x000000006000784c                SEGGER_SYSVIEW_GetSysDesc
 .text.SEGGER_SYSVIEW_SendTaskInfo
                0x00000000600078dc       0xdc modules/segger/libmodules__segger.a(SEGGER_SYSVIEW.c.obj)
                0x00000000600078dc                SEGGER_SYSVIEW_SendTaskInfo
 .text.SEGGER_SYSVIEW_SendSysDesc
                0x00000000600079b8       0x38 modules/segger/libmodules__segger.a(SEGGER_SYSVIEW.c.obj)
                0x00000000600079b8                SEGGER_SYSVIEW_SendSysDesc
 .text.SEGGER_SYSVIEW_RecordEnterISR
                0x00000000600079f0       0x48 modules/segger/libmodules__segger.a(SEGGER_SYSVIEW.c.obj)
                0x00000000600079f0                SEGGER_SYSVIEW_RecordEnterISR
 .text.SEGGER_SYSVIEW_RecordExitISR
                0x0000000060007a38       0x2c modules/segger/libmodules__segger.a(SEGGER_SYSVIEW.c.obj)
                0x0000000060007a38                SEGGER_SYSVIEW_RecordExitISR
 .text.SEGGER_SYSVIEW_RecordEndCall
                0x0000000060007a64       0x44 modules/segger/libmodules__segger.a(SEGGER_SYSVIEW.c.obj)
                0x0000000060007a64                SEGGER_SYSVIEW_RecordEndCall
 .text.SEGGER_SYSVIEW_RecordEndCallU32
                0x0000000060007aa8       0x60 modules/segger/libmodules__segger.a(SEGGER_SYSVIEW.c.obj)
                0x0000000060007aa8                SEGGER_SYSVIEW_RecordEndCallU32
 .text.SEGGER_SYSVIEW_OnIdle
                0x0000000060007b08       0x2c modules/segger/libmodules__segger.a(SEGGER_SYSVIEW.c.obj)
                0x0000000060007b08                SEGGER_SYSVIEW_OnIdle
 .text.SEGGER_SYSVIEW_OnTaskCreate
                0x0000000060007b34       0x50 modules/segger/libmodules__segger.a(SEGGER_SYSVIEW.c.obj)
                0x0000000060007b34                SEGGER_SYSVIEW_OnTaskCreate
 .text.SEGGER_SYSVIEW_OnTaskStartExec
                0x0000000060007b84       0x50 modules/segger/libmodules__segger.a(SEGGER_SYSVIEW.c.obj)
                0x0000000060007b84                SEGGER_SYSVIEW_OnTaskStartExec
 .text.SEGGER_SYSVIEW_OnTaskStopExec
                0x0000000060007bd4       0x2c modules/segger/libmodules__segger.a(SEGGER_SYSVIEW.c.obj)
                0x0000000060007bd4                SEGGER_SYSVIEW_OnTaskStopExec
 .text.SEGGER_SYSVIEW_OnTaskStartReady
                0x0000000060007c00       0x50 modules/segger/libmodules__segger.a(SEGGER_SYSVIEW.c.obj)
                0x0000000060007c00                SEGGER_SYSVIEW_OnTaskStartReady
 .text.SEGGER_SYSVIEW_OnTaskStopReady
                0x0000000060007c50       0x6c modules/segger/libmodules__segger.a(SEGGER_SYSVIEW.c.obj)
                0x0000000060007c50                SEGGER_SYSVIEW_OnTaskStopReady
 .text.SEGGER_SYSVIEW_SendModule
                0x0000000060007cbc       0x84 modules/segger/libmodules__segger.a(SEGGER_SYSVIEW.c.obj)
                0x0000000060007cbc                SEGGER_SYSVIEW_SendModule
 .text.z_sys_init_run_level
                0x0000000060007d40       0x40 zephyr/kernel/libkernel.a(device.c.obj)
                0x0000000060007d40                z_sys_init_run_level
 .text.z_device_get_all_static
                0x0000000060007d80       0x1c zephyr/kernel/libkernel.a(device.c.obj)
                0x0000000060007d80                z_device_get_all_static
 .text.z_impl_device_get_binding
                0x0000000060007d9c       0x54 zephyr/kernel/libkernel.a(device.c.obj)
                0x0000000060007d9c                z_impl_device_get_binding
 .text.device_required_foreach
                0x0000000060007df0       0x78 zephyr/kernel/libkernel.a(device.c.obj)
                0x0000000060007df0                device_required_foreach
 .text.k_sys_fatal_error_handler
                0x0000000060007e68       0x34 zephyr/kernel/libkernel.a(fatal.c.obj)
                0x0000000060007e68                k_sys_fatal_error_handler
 .text.z_fatal_error
                0x0000000060007e9c       0xf0 zephyr/kernel/libkernel.a(fatal.c.obj)
                0x0000000060007e9c                z_fatal_error
 .text.z_bss_zero
                0x0000000060007f8c       0x30 zephyr/kernel/libkernel.a(init.c.obj)
                0x0000000060007f8c                z_bss_zero
 .text.bg_thread_main
                0x0000000060007fbc       0x34 zephyr/kernel/libkernel.a(init.c.obj)
 .text.z_cstart
                0x0000000060007ff0      0x120 zephyr/kernel/libkernel.a(init.c.obj)
                0x0000000060007ff0                z_cstart
 .text.init_mem_slab_module
                0x0000000060008110       0x44 zephyr/kernel/libkernel.a(mem_slab.c.obj)
 .text.k_mem_slab_alloc
                0x0000000060008154       0x88 zephyr/kernel/libkernel.a(mem_slab.c.obj)
                0x0000000060008154                k_mem_slab_alloc
 .text.k_thread_foreach
                0x00000000600081dc       0x40 zephyr/kernel/libkernel.a(thread.c.obj)
                0x00000000600081dc                k_thread_foreach
 .text.z_thread_monitor_exit
                0x000000006000821c       0x3c zephyr/kernel/libkernel.a(thread.c.obj)
                0x000000006000821c                z_thread_monitor_exit
 .text.z_impl_k_thread_name_set
                0x0000000060008258       0x30 zephyr/kernel/libkernel.a(thread.c.obj)
                0x0000000060008258                z_impl_k_thread_name_set
 .text.k_thread_state_str
                0x0000000060008288       0x74 zephyr/kernel/libkernel.a(thread.c.obj)
                0x0000000060008288                k_thread_state_str
 .text.z_setup_new_thread
                0x00000000600082fc       0xe4 zephyr/kernel/libkernel.a(thread.c.obj)
                0x00000000600082fc                z_setup_new_thread
 .text.z_impl_k_thread_create
                0x00000000600083e0       0x58 zephyr/kernel/libkernel.a(thread.c.obj)
                0x00000000600083e0                z_impl_k_thread_create
 .text.z_init_static_threads
                0x0000000060008438       0x94 zephyr/kernel/libkernel.a(thread.c.obj)
                0x0000000060008438                z_init_static_threads
 .text.sys_kernel_version_get
                0x00000000600084cc        0x8 zephyr/kernel/libkernel.a(version.c.obj)
                0x00000000600084cc                sys_kernel_version_get
 .text.z_impl_k_msgq_put
                0x00000000600084d4       0xac zephyr/kernel/libkernel.a(msg_q.c.obj)
                0x00000000600084d4                z_impl_k_msgq_put
 .text.z_impl_k_msgq_get
                0x0000000060008580       0xb4 zephyr/kernel/libkernel.a(msg_q.c.obj)
                0x0000000060008580                z_impl_k_msgq_get
 .text.z_impl_k_mutex_lock
                0x0000000060008634      0x114 zephyr/kernel/libkernel.a(mutex.c.obj)
                0x0000000060008634                z_impl_k_mutex_lock
 .text.z_impl_k_mutex_unlock
                0x0000000060008748       0xa8 zephyr/kernel/libkernel.a(mutex.c.obj)
                0x0000000060008748                z_impl_k_mutex_unlock
 .text.z_impl_k_sem_give
                0x00000000600087f0       0x5c zephyr/kernel/libkernel.a(sem.c.obj)
                0x00000000600087f0                z_impl_k_sem_give
 .text.z_impl_k_sem_take
                0x000000006000884c       0x6c zephyr/kernel/libkernel.a(sem.c.obj)
                0x000000006000884c                z_impl_k_sem_take
 .text.z_reset_time_slice
                0x00000000600088b8       0x2c zephyr/kernel/libkernel.a(sched.c.obj)
                0x00000000600088b8                z_reset_time_slice
 .text.update_cache
                0x00000000600088e4       0x54 zephyr/kernel/libkernel.a(sched.c.obj)
 .text.unready_thread
                0x0000000060008938       0x30 zephyr/kernel/libkernel.a(sched.c.obj)
 .text.pend     0x0000000060008968       0x4c zephyr/kernel/libkernel.a(sched.c.obj)
 .text.move_thread_to_end_of_prio_q
                0x00000000600089b4       0x74 zephyr/kernel/libkernel.a(sched.c.obj)
 .text.ready_thread
                0x0000000060008a28       0x74 zephyr/kernel/libkernel.a(sched.c.obj)
 .text.k_sched_time_slice_set
                0x0000000060008a9c       0x50 zephyr/kernel/libkernel.a(sched.c.obj)
                0x0000000060008a9c                k_sched_time_slice_set
 .text.z_time_slice
                0x0000000060008aec       0x80 zephyr/kernel/libkernel.a(sched.c.obj)
                0x0000000060008aec                z_time_slice
 .text.z_pend_curr
                0x0000000060008b6c       0x28 zephyr/kernel/libkernel.a(sched.c.obj)
                0x0000000060008b6c                z_pend_curr
 .text.z_set_prio
                0x0000000060008b94       0xa8 zephyr/kernel/libkernel.a(sched.c.obj)
                0x0000000060008b94                z_set_prio
 .text.z_reschedule
                0x0000000060008c3c       0x24 zephyr/kernel/libkernel.a(sched.c.obj)
                0x0000000060008c3c                z_reschedule
 .text.z_sched_start
                0x0000000060008c60       0x3c zephyr/kernel/libkernel.a(sched.c.obj)
                0x0000000060008c60                z_sched_start
 .text.z_impl_k_thread_suspend
                0x0000000060008c9c       0x78 zephyr/kernel/libkernel.a(sched.c.obj)
                0x0000000060008c9c                z_impl_k_thread_suspend
 .text.k_sched_lock
                0x0000000060008d14       0x28 zephyr/kernel/libkernel.a(sched.c.obj)
                0x0000000060008d14                k_sched_lock
 .text.k_sched_unlock
                0x0000000060008d3c       0x38 zephyr/kernel/libkernel.a(sched.c.obj)
                0x0000000060008d3c                k_sched_unlock
 .text.z_sched_init
                0x0000000060008d74       0x18 zephyr/kernel/libkernel.a(sched.c.obj)
                0x0000000060008d74                z_sched_init
 .text.z_impl_k_yield
                0x0000000060008d8c       0x88 zephyr/kernel/libkernel.a(sched.c.obj)
                0x0000000060008d8c                z_impl_k_yield
 .text.z_tick_sleep
                0x0000000060008e14       0x9c zephyr/kernel/libkernel.a(sched.c.obj)
 .text.z_impl_k_sleep
                0x0000000060008eb0       0x5c zephyr/kernel/libkernel.a(sched.c.obj)
                0x0000000060008eb0                z_impl_k_sleep
 .text.z_impl_k_current_get
                0x0000000060008f0c        0xc zephyr/kernel/libkernel.a(sched.c.obj)
                0x0000000060008f0c                z_impl_k_current_get
 .text.z_impl_k_is_preempt_thread
                0x0000000060008f18       0x20 zephyr/kernel/libkernel.a(sched.c.obj)
                0x0000000060008f18                z_impl_k_is_preempt_thread
 .text.z_thread_abort
                0x0000000060008f38       0xb4 zephyr/kernel/libkernel.a(sched.c.obj)
                0x0000000060008f38                z_thread_abort
 .text.z_impl_k_thread_join
                0x0000000060008fec       0xa8 zephyr/kernel/libkernel.a(sched.c.obj)
                0x0000000060008fec                z_impl_k_thread_join
 .text.z_sched_wait
                0x0000000060009094       0x24 zephyr/kernel/libkernel.a(sched.c.obj)
                0x0000000060009094                z_sched_wait
 .text.z_data_copy
                0x00000000600090b8       0x64 zephyr/kernel/libkernel.a(xip.c.obj)
                0x00000000600090b8                z_data_copy
 .text.elapsed  0x000000006000911c       0x14 zephyr/kernel/libkernel.a(timeout.c.obj)
 .text.next_timeout
                0x0000000060009130       0x50 zephyr/kernel/libkernel.a(timeout.c.obj)
 .text.remove_timeout
                0x0000000060009180       0x34 zephyr/kernel/libkernel.a(timeout.c.obj)
 .text.z_add_timeout
                0x00000000600091b4       0xf4 zephyr/kernel/libkernel.a(timeout.c.obj)
                0x00000000600091b4                z_add_timeout
 .text.sys_clock_announce
                0x00000000600092a8       0xb8 zephyr/kernel/libkernel.a(timeout.c.obj)
                0x00000000600092a8                sys_clock_announce
 .text.sys_clock_tick_get
                0x0000000060009360       0x30 zephyr/kernel/libkernel.a(timeout.c.obj)
                0x0000000060009360                sys_clock_tick_get
 .text.z_impl_k_busy_wait
                0x0000000060009390       0x44 zephyr/kernel/libkernel.a(timeout.c.obj)
                0x0000000060009390                z_impl_k_busy_wait
 .text.z_timer_expiration_handler
                0x00000000600093d4       0x54 zephyr/kernel/libkernel.a(timer.c.obj)
                0x00000000600093d4                z_timer_expiration_handler
 .text.z_impl_k_timer_start
                0x0000000060009428       0xb8 zephyr/kernel/libkernel.a(timer.c.obj)
                0x0000000060009428                z_impl_k_timer_start
 .text.z_impl_k_poll
                0x00000000600094e0       0xb8 zephyr/kernel/libkernel.a(poll.c.obj)
                0x00000000600094e0                z_impl_k_poll
 .text.z_impl_k_poll_signal_raise
                0x0000000060009598       0x50 zephyr/kernel/libkernel.a(poll.c.obj)
                0x0000000060009598                z_impl_k_poll_signal_raise
 .text.boot_banner
                0x00000000600095e8       0x18 zephyr/kernel/libkernel.a(banner.c.obj)
                0x00000000600095e8                boot_banner
 .text.statics_init
                0x0000000060009600       0x24 zephyr/kernel/libkernel.a(kheap.c.obj)
 .text.k_sys_work_q_init
                0x0000000060009624       0x34 zephyr/kernel/libkernel.a(system_work_q.c.obj)
 .text.work_queue_main
                0x0000000060009658      0x12c zephyr/kernel/libkernel.a(work.c.obj)
 .text.submit_to_queue_locked
                0x0000000060009784       0x9c zephyr/kernel/libkernel.a(work.c.obj)
 .text.k_work_queue_start
                0x0000000060009820       0x8c zephyr/kernel/libkernel.a(work.c.obj)
                0x0000000060009820                k_work_queue_start
 .text._OffsetAbsSyms
                0x00000000600098ac        0x2 zephyr/CMakeFiles/offsets.dir/./arch/arm/core/offsets/offsets.c.obj
                0x00000000600098ac                _OffsetAbsSyms
 .text.arch_printk_char_out
                0x00000000600098ae        0x4 zephyr/libzephyr.a(printk.c.obj)
                0x00000000600098ae                arch_printk_char_out
 .text.str_out  0x00000000600098b2       0x24 zephyr/libzephyr.a(printk.c.obj)
 .text.printk   0x00000000600098d6       0x1a zephyr/libzephyr.a(printk.c.obj)
                0x00000000600098d6                printk
 .text.snprintk
                0x00000000600098f0       0x1a zephyr/libzephyr.a(printk.c.obj)
                0x00000000600098f0                snprintk
 .text.z_thread_entry
                0x000000006000990a       0x14 zephyr/libzephyr.a(thread_entry.c.obj)
                0x000000006000990a                z_thread_entry
 .text.chunk_field
                0x000000006000991e       0x16 zephyr/libzephyr.a(heap.c.obj)
 .text.chunk_set
                0x0000000060009934       0x16 zephyr/libzephyr.a(heap.c.obj)
 .text.chunk_size
                0x000000006000994a        0xc zephyr/libzephyr.a(heap.c.obj)
 .text.set_chunk_used
                0x0000000060009956       0x30 zephyr/libzephyr.a(heap.c.obj)
 .text.set_chunk_size
                0x0000000060009986        0x8 zephyr/libzephyr.a(heap.c.obj)
 .text.bucket_idx.isra.0
                0x000000006000998e       0x1e zephyr/libzephyr.a(heap.c.obj)
 .text.free_list_add
                0x00000000600099ac       0x86 zephyr/libzephyr.a(heap.c.obj)
 .text.sys_heap_init
                0x0000000060009a32       0xa6 zephyr/libzephyr.a(heap.c.obj)
                0x0000000060009a32                sys_heap_init
 .text.encode_uint
                0x0000000060009ad8       0x8c zephyr/libzephyr.a(cbprintf_complete.c.obj)
 .text.outs     0x0000000060009b64       0x2c zephyr/libzephyr.a(cbprintf_complete.c.obj)
 .text.ring_buf_get_rewind_threshold
                0x0000000060009b90        0x6 zephyr/libzephyr.a(ring_buffer.c.obj)
                0x0000000060009b90                ring_buf_get_rewind_threshold
 .text.ring_buf_put_claim
                0x0000000060009b96       0x38 zephyr/libzephyr.a(ring_buffer.c.obj)
                0x0000000060009b96                ring_buf_put_claim
 .text.ring_buf_put_finish
                0x0000000060009bce       0x1a zephyr/libzephyr.a(ring_buffer.c.obj)
                0x0000000060009bce                ring_buf_put_finish
 .text.ring_buf_put
                0x0000000060009be8       0x3e zephyr/libzephyr.a(ring_buffer.c.obj)
                0x0000000060009be8                ring_buf_put
 .text.ring_buf_get_claim
                0x0000000060009c26       0x38 zephyr/libzephyr.a(ring_buffer.c.obj)
                0x0000000060009c26                ring_buf_get_claim
 .text.ring_buf_get_finish
                0x0000000060009c5e       0x5e zephyr/libzephyr.a(ring_buffer.c.obj)
                0x0000000060009c5e                ring_buf_get_finish
 .text.ring_buf_get
                0x0000000060009cbc       0x40 zephyr/libzephyr.a(ring_buffer.c.obj)
                0x0000000060009cbc                ring_buf_get
 .text.foldcase
                0x0000000060009cfc       0x10 zephyr/libzephyr.a(fnmatch.c.obj)
 .text.fnmatchx
                0x0000000060009d0c      0x25c zephyr/libzephyr.a(fnmatch.c.obj)
 .text.fnmatch  0x0000000060009f68        0x6 zephyr/libzephyr.a(fnmatch.c.obj)
                0x0000000060009f68                fnmatch
 .text._ConfigAbsSyms
                0x0000000060009f6e        0x2 zephyr/libzephyr.a(configs.c.obj)
                0x0000000060009f6e                _ConfigAbsSyms
 .text.log_list_init
                0x0000000060009f70        0x8 zephyr/libzephyr.a(log_list.c.obj)
                0x0000000060009f70                log_list_init
 .text.log_list_add_tail
                0x0000000060009f78       0x14 zephyr/libzephyr.a(log_list.c.obj)
                0x0000000060009f78                log_list_add_tail
 .text.log_list_head_peek
                0x0000000060009f8c        0x4 zephyr/libzephyr.a(log_list.c.obj)
                0x0000000060009f8c                log_list_head_peek
 .text.log_list_head_get
                0x0000000060009f90        0xc zephyr/libzephyr.a(log_list.c.obj)
                0x0000000060009f90                log_list_head_get
 .text.z_log_msg_std_alloc
                0x0000000060009f9c       0x12 zephyr/libzephyr.a(log_core.c.obj)
 .text.default_lf_get_timestamp
                0x0000000060009fae       0x10 zephyr/libzephyr.a(log_core.c.obj)
 .text.dummy_timestamp
                0x0000000060009fbe        0x4 zephyr/libzephyr.a(log_core.c.obj)
 .text.z_log_get_s_mask
                0x0000000060009fc2       0x44 zephyr/libzephyr.a(log_core.c.obj)
                0x0000000060009fc2                z_log_get_s_mask
 .text.log_backend_disable
                0x000000006000a006        0xa zephyr/libzephyr.a(log_core.c.obj)
                0x000000006000a006                log_backend_disable
 .text.log_0    0x000000006000a010       0x1a zephyr/libzephyr.a(log_core.c.obj)
                0x000000006000a010                log_0
 .text.log_1    0x000000006000a02a       0x28 zephyr/libzephyr.a(log_core.c.obj)
                0x000000006000a02a                log_1
 .text.log_2    0x000000006000a052       0x32 zephyr/libzephyr.a(log_core.c.obj)
                0x000000006000a052                log_2
 .text.log_3    0x000000006000a084       0x38 zephyr/libzephyr.a(log_core.c.obj)
                0x000000006000a084                log_3
 .text.z_log_printk
                0x000000006000a0bc       0x30 zephyr/libzephyr.a(log_core.c.obj)
                0x000000006000a0bc                z_log_printk
 .text.log_msg_hexdump_data_op
                0x000000006000a0ec       0xac zephyr/libzephyr.a(log_msg.c.obj)
 .text.log_msg_get
                0x000000006000a198       0x1a zephyr/libzephyr.a(log_msg.c.obj)
                0x000000006000a198                log_msg_get
 .text.log_msg_nargs_get
                0x000000006000a1b2        0x6 zephyr/libzephyr.a(log_msg.c.obj)
                0x000000006000a1b2                log_msg_nargs_get
 .text.log_msg_arg_get
                0x000000006000a1b8       0x3e zephyr/libzephyr.a(log_msg.c.obj)
                0x000000006000a1b8                log_msg_arg_get
 .text.log_msg_put
                0x000000006000a1f6       0x26 zephyr/libzephyr.a(log_msg.c.obj)
                0x000000006000a1f6                log_msg_put
 .text.log_msg_str_get
                0x000000006000a21c        0x4 zephyr/libzephyr.a(log_msg.c.obj)
                0x000000006000a21c                log_msg_str_get
 .text.log_msg_hexdump_create
                0x000000006000a220       0xac zephyr/libzephyr.a(log_msg.c.obj)
                0x000000006000a220                log_msg_hexdump_create
 .text.log_msg_hexdump_data_get
                0x000000006000a2cc        0xe zephyr/libzephyr.a(log_msg.c.obj)
                0x000000006000a2cc                log_msg_hexdump_data_get
 .text.buffer_write
                0x000000006000a2da       0x1a zephyr/libzephyr.a(log_output.c.obj)
 .text.std_print
                0x000000006000a2f4      0x2ba zephyr/libzephyr.a(log_output.c.obj)
 .text.log_output_flush
                0x000000006000a5ae       0x1a zephyr/libzephyr.a(log_output.c.obj)
                0x000000006000a5ae                log_output_flush
 .text.out_func
                0x000000006000a5c8       0x36 zephyr/libzephyr.a(log_output.c.obj)
 .text.log_halt
                0x000000006000a5fe        0x8 zephyr/libzephyr.a(log_cmds.c.obj)
 .text.log_go   0x000000006000a606        0xa zephyr/libzephyr.a(log_cmds.c.obj)
 .text.cmd_log_self_status
                0x000000006000a610       0x20 zephyr/libzephyr.a(log_cmds.c.obj)
 .text.cmd_log_self_enable
                0x000000006000a630       0x22 zephyr/libzephyr.a(log_cmds.c.obj)
 .text.log_disable
                0x000000006000a652       0x14 zephyr/libzephyr.a(log_cmds.c.obj)
 .text.cmd_log_self_disable
                0x000000006000a666       0x22 zephyr/libzephyr.a(log_cmds.c.obj)
 .text.cmd_log_self_go
                0x000000006000a688       0x18 zephyr/libzephyr.a(log_cmds.c.obj)
 .text.cmd_log_self_halt
                0x000000006000a6a0       0x18 zephyr/libzephyr.a(log_cmds.c.obj)
 .text.atomic_or
                0x000000006000a6b8       0x1e zephyr/libzephyr.a(shell.c.obj)
 .text.atomic_and
                0x000000006000a6d6       0x1e zephyr/libzephyr.a(shell.c.obj)
 .text.shell_signal_handle
                0x000000006000a6f4       0x2a zephyr/libzephyr.a(shell.c.obj)
 .text.z_shell_strlen
                0x000000006000a71e        0xc zephyr/libzephyr.a(shell.c.obj)
 .text.z_shell_raw_fprintf
                0x000000006000a72a       0x1a zephyr/libzephyr.a(shell.c.obj)
 .text.k_mutex_lock.constprop.0.isra.0
                0x000000006000a744        0x4 zephyr/libzephyr.a(shell.c.obj)
 .text.transport_evt_handler
                0x000000006000a748       0x14 zephyr/libzephyr.a(shell.c.obj)
 .text.kill_handler
                0x000000006000a75c       0x50 zephyr/libzephyr.a(shell.c.obj)
 .text.z_flag_history_exit_set.isra.0
                0x000000006000a7ac       0x14 zephyr/libzephyr.a(shell.c.obj)
 .text.z_flag_insert_mode_set.isra.0
                0x000000006000a7c0       0x1e zephyr/libzephyr.a(shell.c.obj)
 .text.k_mutex_unlock.isra.0
                0x000000006000a7de        0x4 zephyr/libzephyr.a(shell.c.obj)
 .text.shell_log_process
                0x000000006000a7e2       0x46 zephyr/libzephyr.a(shell.c.obj)
 .text.shell_vfprintf
                0x000000006000a828       0x72 zephyr/libzephyr.a(shell.c.obj)
                0x000000006000a828                shell_vfprintf
 .text.shell_fprintf
                0x000000006000a89a       0x1a zephyr/libzephyr.a(shell.c.obj)
                0x000000006000a89a                shell_fprintf
 .text.z_shell_fprintf_buffer_flush
                0x000000006000a8b4       0x18 zephyr/libzephyr.a(shell_fprintf.c.obj)
                0x000000006000a8b4                z_shell_fprintf_buffer_flush
 .text.out_func
                0x000000006000a8cc       0x38 zephyr/libzephyr.a(shell_fprintf.c.obj)
 .text.isspace  0x000000006000a904       0x14 zephyr/libzephyr.a(shell_utils.c.obj)
 .text.z_shell_strlen
                0x000000006000a918        0xc zephyr/libzephyr.a(shell_utils.c.obj)
 .text.z_column_span_with_buffer_offsets_get
                0x000000006000a924       0x1e zephyr/libzephyr.a(shell_utils.c.obj)
                0x000000006000a924                z_column_span_with_buffer_offsets_get
 .text.z_row_span_with_buffer_offsets_get
                0x000000006000a942       0x16 zephyr/libzephyr.a(shell_utils.c.obj)
                0x000000006000a942                z_row_span_with_buffer_offsets_get
 .text.z_shell_multiline_data_calc
                0x000000006000a958       0x2c zephyr/libzephyr.a(shell_utils.c.obj)
                0x000000006000a958                z_shell_multiline_data_calc
 .text.z_shell_make_argv
                0x000000006000a984      0x188 zephyr/libzephyr.a(shell_utils.c.obj)
                0x000000006000a984                z_shell_make_argv
 .text.z_shell_pattern_remove
                0x000000006000ab0c       0x4e zephyr/libzephyr.a(shell_utils.c.obj)
                0x000000006000ab0c                z_shell_pattern_remove
 .text.z_shell_find_cmd
                0x000000006000ab5a       0x40 zephyr/libzephyr.a(shell_utils.c.obj)
                0x000000006000ab5a                z_shell_find_cmd
 .text.z_shell_get_last_command
                0x000000006000ab9a       0x5c zephyr/libzephyr.a(shell_utils.c.obj)
                0x000000006000ab9a                z_shell_get_last_command
 .text.z_shell_spaces_trim
                0x000000006000abf6       0x6c zephyr/libzephyr.a(shell_utils.c.obj)
                0x000000006000abf6                z_shell_spaces_trim
 .text.z_shell_cmd_trim
                0x000000006000ac62       0x64 zephyr/libzephyr.a(shell_utils.c.obj)
                0x000000006000ac62                z_shell_cmd_trim
 .text.z_shell_raw_fprintf
                0x000000006000acc6       0x1a zephyr/libzephyr.a(shell_ops.c.obj)
 .text.full_line_cmd
                0x000000006000ace0       0x28 zephyr/libzephyr.a(shell_ops.c.obj)
 .text.z_shell_cursor_in_empty_line
                0x000000006000ad08       0x28 zephyr/libzephyr.a(shell_ops.c.obj)
                0x000000006000ad08                z_shell_cursor_in_empty_line
 .text.z_shell_op_cond_next_line
                0x000000006000ad30       0x20 zephyr/libzephyr.a(shell_ops.c.obj)
                0x000000006000ad30                z_shell_op_cond_next_line
 .text.z_shell_op_cursor_position_synchronize
                0x000000006000ad50       0x46 zephyr/libzephyr.a(shell_ops.c.obj)
                0x000000006000ad50                z_shell_op_cursor_position_synchronize
 .text.z_shell_op_cursor_move
                0x000000006000ad96       0x48 zephyr/libzephyr.a(shell_ops.c.obj)
                0x000000006000ad96                z_shell_op_cursor_move
 .text.z_shell_op_cursor_word_move
                0x000000006000adde       0x76 zephyr/libzephyr.a(shell_ops.c.obj)
                0x000000006000adde                z_shell_op_cursor_word_move
 .text.z_shell_op_cursor_home_move
                0x000000006000ae54        0xc zephyr/libzephyr.a(shell_ops.c.obj)
                0x000000006000ae54                z_shell_op_cursor_home_move
 .text.z_shell_op_cursor_end_move
                0x000000006000ae60        0xe zephyr/libzephyr.a(shell_ops.c.obj)
                0x000000006000ae60                z_shell_op_cursor_end_move
 .text.z_shell_op_left_arrow
                0x000000006000ae6e       0x10 zephyr/libzephyr.a(shell_ops.c.obj)
                0x000000006000ae6e                z_shell_op_left_arrow
 .text.z_shell_op_right_arrow
                0x000000006000ae7e       0x12 zephyr/libzephyr.a(shell_ops.c.obj)
                0x000000006000ae7e                z_shell_op_right_arrow
 .text.z_shell_op_delete_from_cursor
                0x000000006000ae90       0x14 zephyr/libzephyr.a(shell_ops.c.obj)
                0x000000006000ae90                z_shell_op_delete_from_cursor
 .text.z_shell_cmd_line_erase
                0x000000006000aea4       0x34 zephyr/libzephyr.a(shell_ops.c.obj)
                0x000000006000aea4                z_shell_cmd_line_erase
 .text.z_shell_write
                0x000000006000aed8       0x7e zephyr/libzephyr.a(shell_ops.c.obj)
                0x000000006000aed8                z_shell_write
 .text.z_shell_print_stream
                0x000000006000af56        0x4 zephyr/libzephyr.a(shell_ops.c.obj)
                0x000000006000af56                z_shell_print_stream
 .text.z_shell_vfprintf
                0x000000006000af5a       0x54 zephyr/libzephyr.a(shell_ops.c.obj)
                0x000000006000af5a                z_shell_vfprintf
 .text.z_shell_fprintf
                0x000000006000afae       0x1a zephyr/libzephyr.a(shell_ops.c.obj)
                0x000000006000afae                z_shell_fprintf
 .text.data_insert
                0x000000006000afc8       0x62 zephyr/libzephyr.a(shell_ops.c.obj)
 .text.z_shell_op_completion_insert
                0x000000006000b02a        0x4 zephyr/libzephyr.a(shell_ops.c.obj)
                0x000000006000b02a                z_shell_op_completion_insert
 .text.z_shell_op_char_delete
                0x000000006000b02e       0x36 zephyr/libzephyr.a(shell_ops.c.obj)
                0x000000006000b02e                z_shell_op_char_delete
 .text.z_shell_op_char_backspace
                0x000000006000b064       0x22 zephyr/libzephyr.a(shell_ops.c.obj)
                0x000000006000b064                z_shell_op_char_backspace
 .text.uart_irq_tx_disable
                0x000000006000b086        0xa zephyr/libzephyr.a(shell_uart.c.obj)
 .text.uninit   0x000000006000b090       0x1c zephyr/libzephyr.a(shell_uart.c.obj)
 .text.enable   0x000000006000b0ac       0x14 zephyr/libzephyr.a(shell_uart.c.obj)
 .text.read     0x000000006000b0c0       0x12 zephyr/libzephyr.a(shell_uart.c.obj)
 .text.write    0x000000006000b0d2       0x6c zephyr/libzephyr.a(shell_uart.c.obj)
 .text.z_shell_raw_fprintf
                0x000000006000b13e       0x1a zephyr/libzephyr.a(shell_help.c.obj)
 .text.formatted_text_print.constprop.0
                0x000000006000b158       0xe6 zephyr/libzephyr.a(shell_help.c.obj)
 .text.cmd_shell_stats_reset
                0x000000006000b23e        0x8 zephyr/libzephyr.a(shell_cmds.c.obj)
 .text.z_shell_raw_fprintf
                0x000000006000b246       0x1a zephyr/libzephyr.a(shell_cmds.c.obj)
 .text.cmd_bacskpace_mode_backspace
                0x000000006000b260       0x22 zephyr/libzephyr.a(shell_cmds.c.obj)
 .text.cmd_bacskpace_mode_delete
                0x000000006000b282       0x22 zephyr/libzephyr.a(shell_cmds.c.obj)
 .text.cmd_echo_off
                0x000000006000b2a4       0x22 zephyr/libzephyr.a(shell_cmds.c.obj)
 .text.cmd_colors_off
                0x000000006000b2c6       0x22 zephyr/libzephyr.a(shell_cmds.c.obj)
 .text.cmd_colors_on
                0x000000006000b2e8       0x22 zephyr/libzephyr.a(shell_cmds.c.obj)
 .text.cmd_echo_on
                0x000000006000b30a       0x22 zephyr/libzephyr.a(shell_cmds.c.obj)
 .text.remove_from_tail.part.0
                0x000000006000b32c       0x24 zephyr/libzephyr.a(shell_history.c.obj)
 .text.z_shell_history_mode_exit
                0x000000006000b350        0x6 zephyr/libzephyr.a(shell_history.c.obj)
                0x000000006000b350                z_shell_history_mode_exit
 .text.z_shell_history_get
                0x000000006000b356       0x56 zephyr/libzephyr.a(shell_history.c.obj)
                0x000000006000b356                z_shell_history_get
 .text.z_shell_history_purge
                0x000000006000b3ac       0x18 zephyr/libzephyr.a(shell_history.c.obj)
                0x000000006000b3ac                z_shell_history_purge
 .text.z_shell_history_put
                0x000000006000b3c4       0xd8 zephyr/libzephyr.a(shell_history.c.obj)
                0x000000006000b3c4                z_shell_history_put
 .text.z_shell_history_init
                0x000000006000b49c        0xc zephyr/libzephyr.a(shell_history.c.obj)
                0x000000006000b49c                z_shell_history_init
 .text.msg_from_fifo.isra.0
                0x000000006000b4a8       0x1a zephyr/libzephyr.a(shell_log_backend.c.obj)
 .text.put      0x000000006000b4c2       0xe2 zephyr/libzephyr.a(shell_log_backend.c.obj)
 .text.dropped  0x000000006000b5a4       0x3a zephyr/libzephyr.a(shell_log_backend.c.obj)
 .text.z_shell_log_backend_output_func
                0x000000006000b5de       0x14 zephyr/libzephyr.a(shell_log_backend.c.obj)
                0x000000006000b5de                z_shell_log_backend_output_func
 .text.z_shell_log_backend_enable
                0x000000006000b5f2       0x32 zephyr/libzephyr.a(shell_log_backend.c.obj)
                0x000000006000b5f2                z_shell_log_backend_enable
 .text.z_shell_log_backend_disable
                0x000000006000b624       0x12 zephyr/libzephyr.a(shell_log_backend.c.obj)
                0x000000006000b624                z_shell_log_backend_disable
 .text.z_shell_log_backend_process
                0x000000006000b636       0x80 zephyr/libzephyr.a(shell_log_backend.c.obj)
                0x000000006000b636                z_shell_log_backend_process
 .text.panic    0x000000006000b6b6       0x52 zephyr/libzephyr.a(shell_log_backend.c.obj)
 .text.z_shell_has_wildcard
                0x000000006000b708       0x28 zephyr/libzephyr.a(shell_wildcard.c.obj)
                0x000000006000b708                z_shell_has_wildcard
 .text.z_shell_wildcard_prepare
                0x000000006000b730       0x48 zephyr/libzephyr.a(shell_wildcard.c.obj)
                0x000000006000b730                z_shell_wildcard_prepare
 .text.z_shell_wildcard_finalize
                0x000000006000b778       0x1a zephyr/libzephyr.a(shell_wildcard.c.obj)
                0x000000006000b778                z_shell_wildcard_finalize
 .text.get_time_cb
                0x000000006000b792        0xa zephyr/libzephyr.a(sysview_config.c.obj)
 .text.sys_trace_thread_info
                0x000000006000b79c       0x30 zephyr/libzephyr.a(sysview_config.c.obj)
                0x000000006000b79c                sys_trace_thread_info
 .text.sysview_init
                0x000000006000b7cc        0xa zephyr/libzephyr.a(sysview.c.obj)
 .text.sysview_get_timestamp
                0x000000006000b7d6        0x4 zephyr/libzephyr.a(sysview.c.obj)
                0x000000006000b7d6                sysview_get_timestamp
 .text.sys_trace_k_thread_switched_out
                0x000000006000b7da        0x4 zephyr/libzephyr.a(sysview.c.obj)
                0x000000006000b7da                sys_trace_k_thread_switched_out
 .text.sys_trace_isr_enter
                0x000000006000b7de        0x4 zephyr/libzephyr.a(sysview.c.obj)
                0x000000006000b7de                sys_trace_isr_enter
 .text.sys_trace_isr_exit
                0x000000006000b7e2        0x4 zephyr/libzephyr.a(sysview.c.obj)
                0x000000006000b7e2                sys_trace_isr_exit
 .text.sys_trace_idle
                0x000000006000b7e6        0x4 zephyr/libzephyr.a(sysview.c.obj)
                0x000000006000b7e6                sys_trace_idle
 .text.mcux_ccm_on
                0x000000006000b7ea        0x4 zephyr/libzephyr.a(clock_control_mcux_ccm.c.obj)
 .text.mcux_ccm_init
                0x000000006000b7ee        0x4 zephyr/libzephyr.a(clock_control_mcux_ccm.c.obj)
 .text.mcux_ccm_off
                0x000000006000b7f2        0x4 zephyr/libzephyr.a(clock_control_mcux_ccm.c.obj)
 .text.z_irq_spurious
                0x000000006000b7f6        0x8 zephyr/arch/arch/arm/core/aarch32/libarch__arm__core__aarch32.a(irq_manage.c.obj)
                0x000000006000b7f6                z_irq_spurious
 .text.z_do_kernel_oops
                0x000000006000b7fe        0x8 zephyr/arch/arch/arm/core/aarch32/libarch__arm__core__aarch32.a(fatal.c.obj)
                0x000000006000b7fe                z_do_kernel_oops
 .text.z_arm_nmi
                0x000000006000b806        0xe zephyr/arch/arch/arm/core/aarch32/libarch__arm__core__aarch32.a(nmi.c.obj)
                0x000000006000b806                z_arm_nmi
 .text.strstr   0x000000006000b814       0x40 zephyr/lib/libc/minimal/liblib__libc__minimal.a(strstr.c.obj)
                0x000000006000b814                strstr
 .text.strcpy   0x000000006000b854       0x14 zephyr/lib/libc/minimal/liblib__libc__minimal.a(string.c.obj)
                0x000000006000b854                strcpy
 .text.strncpy  0x000000006000b868       0x24 zephyr/lib/libc/minimal/liblib__libc__minimal.a(string.c.obj)
                0x000000006000b868                strncpy
 .text.strchr   0x000000006000b88c       0x1a zephyr/lib/libc/minimal/liblib__libc__minimal.a(string.c.obj)
                0x000000006000b88c                strchr
 .text.strlen   0x000000006000b8a6        0xe zephyr/lib/libc/minimal/liblib__libc__minimal.a(string.c.obj)
                0x000000006000b8a6                strlen
 .text.strnlen  0x000000006000b8b4       0x12 zephyr/lib/libc/minimal/liblib__libc__minimal.a(string.c.obj)
                0x000000006000b8b4                strnlen
 .text.strcmp   0x000000006000b8c6       0x18 zephyr/lib/libc/minimal/liblib__libc__minimal.a(string.c.obj)
                0x000000006000b8c6                strcmp
 .text.strncmp  0x000000006000b8de       0x22 zephyr/lib/libc/minimal/liblib__libc__minimal.a(string.c.obj)
                0x000000006000b8de                strncmp
 .text.memcmp   0x000000006000b900       0x22 zephyr/lib/libc/minimal/liblib__libc__minimal.a(string.c.obj)
                0x000000006000b900                memcmp
 .text.memmove  0x000000006000b922       0x30 zephyr/lib/libc/minimal/liblib__libc__minimal.a(string.c.obj)
                0x000000006000b922                memmove
 .text.memcpy   0x000000006000b952       0x56 zephyr/lib/libc/minimal/liblib__libc__minimal.a(string.c.obj)
                0x000000006000b952                memcpy
 .text.memset   0x000000006000b9a8       0x46 zephyr/lib/libc/minimal/liblib__libc__minimal.a(string.c.obj)
                0x000000006000b9a8                memset
 .text._stdout_hook_default
                0x000000006000b9ee        0x6 zephyr/lib/libc/minimal/liblib__libc__minimal.a(stdout_console.c.obj)
 .text.sprintf_out
                0x000000006000b9f4       0x1a zephyr/lib/libc/minimal/liblib__libc__minimal.a(sprintf.c.obj)
 .text.mcux_igpio_configure
                0x000000006000ba0e       0x42 zephyr/drivers/gpio/libdrivers__gpio.a(gpio_mcux_igpio.c.obj)
 .text.mcux_igpio_port_get_raw
                0x000000006000ba50        0xc zephyr/drivers/gpio/libdrivers__gpio.a(gpio_mcux_igpio.c.obj)
 .text.mcux_igpio_port_set_masked_raw
                0x000000006000ba5c       0x12 zephyr/drivers/gpio/libdrivers__gpio.a(gpio_mcux_igpio.c.obj)
 .text.mcux_igpio_port_set_bits_raw
                0x000000006000ba6e        0xc zephyr/drivers/gpio/libdrivers__gpio.a(gpio_mcux_igpio.c.obj)
 .text.mcux_igpio_port_clear_bits_raw
                0x000000006000ba7a        0xc zephyr/drivers/gpio/libdrivers__gpio.a(gpio_mcux_igpio.c.obj)
 .text.mcux_igpio_port_toggle_bits
                0x000000006000ba86        0xc zephyr/drivers/gpio/libdrivers__gpio.a(gpio_mcux_igpio.c.obj)
 .text.mcux_igpio_pin_interrupt_configure
                0x000000006000ba92       0xcc zephyr/drivers/gpio/libdrivers__gpio.a(gpio_mcux_igpio.c.obj)
 .text.mcux_igpio_manage_callback
                0x000000006000bb5e       0x54 zephyr/drivers/gpio/libdrivers__gpio.a(gpio_mcux_igpio.c.obj)
 .text.mcux_igpio_0_init
                0x000000006000bbb2       0x26 zephyr/drivers/gpio/libdrivers__gpio.a(gpio_mcux_igpio.c.obj)
 .text.mcux_igpio_1_init
                0x000000006000bbd8       0x26 zephyr/drivers/gpio/libdrivers__gpio.a(gpio_mcux_igpio.c.obj)
 .text.mcux_igpio_2_init
                0x000000006000bbfe       0x26 zephyr/drivers/gpio/libdrivers__gpio.a(gpio_mcux_igpio.c.obj)
 .text.mcux_igpio_3_init
                0x000000006000bc24       0x26 zephyr/drivers/gpio/libdrivers__gpio.a(gpio_mcux_igpio.c.obj)
 .text.mcux_igpio_4_init
                0x000000006000bc4a       0x26 zephyr/drivers/gpio/libdrivers__gpio.a(gpio_mcux_igpio.c.obj)
 .text.mcux_igpio_port_isr
                0x000000006000bc70       0x2a zephyr/drivers/gpio/libdrivers__gpio.a(gpio_mcux_igpio.c.obj)
 .text.LPUART_ReadByte
                0x000000006000bc9a       0x22 zephyr/drivers/serial/libdrivers__serial.a(uart_mcux_lpuart.c.obj)
 .text.mcux_lpuart_irq_update
                0x000000006000bcbc        0x4 zephyr/drivers/serial/libdrivers__serial.a(uart_mcux_lpuart.c.obj)
 .text.mcux_lpuart_irq_callback_set
                0x000000006000bcc0        0x8 zephyr/drivers/serial/libdrivers__serial.a(uart_mcux_lpuart.c.obj)
 .text.mcux_lpuart_isr
                0x000000006000bcc8        0xc zephyr/drivers/serial/libdrivers__serial.a(uart_mcux_lpuart.c.obj)
 .text.mcux_lpuart_config_get
                0x000000006000bcd4       0x10 zephyr/drivers/serial/libdrivers__serial.a(uart_mcux_lpuart.c.obj)
 .text.mcux_lpuart_irq_err_disable
                0x000000006000bce4        0xc zephyr/drivers/serial/libdrivers__serial.a(uart_mcux_lpuart.c.obj)
 .text.mcux_lpuart_irq_rx_disable
                0x000000006000bcf0        0xc zephyr/drivers/serial/libdrivers__serial.a(uart_mcux_lpuart.c.obj)
 .text.mcux_lpuart_irq_tx_disable
                0x000000006000bcfc        0xc zephyr/drivers/serial/libdrivers__serial.a(uart_mcux_lpuart.c.obj)
 .text.mcux_lpuart_irq_err_enable
                0x000000006000bd08        0xc zephyr/drivers/serial/libdrivers__serial.a(uart_mcux_lpuart.c.obj)
 .text.mcux_lpuart_irq_rx_enable
                0x000000006000bd14        0xc zephyr/drivers/serial/libdrivers__serial.a(uart_mcux_lpuart.c.obj)
 .text.mcux_lpuart_irq_tx_enable
                0x000000006000bd20        0xc zephyr/drivers/serial/libdrivers__serial.a(uart_mcux_lpuart.c.obj)
 .text.mcux_lpuart_irq_rx_full
                0x000000006000bd2c       0x10 zephyr/drivers/serial/libdrivers__serial.a(uart_mcux_lpuart.c.obj)
 .text.mcux_lpuart_irq_tx_complete
                0x000000006000bd3c       0x10 zephyr/drivers/serial/libdrivers__serial.a(uart_mcux_lpuart.c.obj)
 .text.mcux_lpuart_irq_tx_ready
                0x000000006000bd4c       0x1e zephyr/drivers/serial/libdrivers__serial.a(uart_mcux_lpuart.c.obj)
 .text.mcux_lpuart_fifo_read
                0x000000006000bd6a       0x36 zephyr/drivers/serial/libdrivers__serial.a(uart_mcux_lpuart.c.obj)
 .text.mcux_lpuart_fifo_fill
                0x000000006000bda0       0x34 zephyr/drivers/serial/libdrivers__serial.a(uart_mcux_lpuart.c.obj)
 .text.mcux_lpuart_poll_out
                0x000000006000bdd4       0x16 zephyr/drivers/serial/libdrivers__serial.a(uart_mcux_lpuart.c.obj)
 .text.mcux_lpuart_poll_in
                0x000000006000bdea       0x22 zephyr/drivers/serial/libdrivers__serial.a(uart_mcux_lpuart.c.obj)
 .text.mcux_lpuart_configure_init
                0x000000006000be0c       0xba zephyr/drivers/serial/libdrivers__serial.a(uart_mcux_lpuart.c.obj)
 .text.mcux_lpuart_err_check
                0x000000006000bec6       0x2c zephyr/drivers/serial/libdrivers__serial.a(uart_mcux_lpuart.c.obj)
 .text.mcux_lpuart_config_func_0
                0x000000006000bef2       0x16 zephyr/drivers/serial/libdrivers__serial.a(uart_mcux_lpuart.c.obj)
 .text.mcux_lpuart_irq_is_pending
                0x000000006000bf08       0x2c zephyr/drivers/serial/libdrivers__serial.a(uart_mcux_lpuart.c.obj)
 .text.mcux_lpuart_configure
                0x000000006000bf34       0x26 zephyr/drivers/serial/libdrivers__serial.a(uart_mcux_lpuart.c.obj)
 .text.LPUART_GetDefaultConfig
                0x000000006000bf5a       0x1e modules/nxp/lib..__modules__hal__nxp.a(fsl_lpuart.c.obj)
                0x000000006000bf5a                LPUART_GetDefaultConfig
 .text.LPUART_EnableInterrupts
                0x000000006000bf78       0x28 modules/nxp/lib..__modules__hal__nxp.a(fsl_lpuart.c.obj)
                0x000000006000bf78                LPUART_EnableInterrupts
 .text.LPUART_DisableInterrupts
                0x000000006000bfa0       0x2e modules/nxp/lib..__modules__hal__nxp.a(fsl_lpuart.c.obj)
                0x000000006000bfa0                LPUART_DisableInterrupts
 .text.LPUART_GetEnabledInterrupts
                0x000000006000bfce       0x26 modules/nxp/lib..__modules__hal__nxp.a(fsl_lpuart.c.obj)
                0x000000006000bfce                LPUART_GetEnabledInterrupts
 .text.LPUART_GetStatusFlags
                0x000000006000bff4       0x10 modules/nxp/lib..__modules__hal__nxp.a(fsl_lpuart.c.obj)
                0x000000006000bff4                LPUART_GetStatusFlags
 .text._GetAvailWriteSpace
                0x000000006000c004       0x12 modules/segger/libmodules__segger.a(SEGGER_RTT.c.obj)
 .text._WriteNoCheck
                0x000000006000c016       0x38 modules/segger/libmodules__segger.a(SEGGER_RTT.c.obj)
 .text._WriteBlocking
                0x000000006000c04e       0x52 modules/segger/libmodules__segger.a(SEGGER_RTT.c.obj)
 .text.SEGGER_RTT_Init
                0x000000006000c0a0        0x4 modules/segger/libmodules__segger.a(SEGGER_RTT.c.obj)
                0x000000006000c0a0                SEGGER_RTT_Init
 .text.rtt_init
                0x000000006000c0a4        0xa modules/segger/libmodules__segger.a(SEGGER_RTT_zephyr.c.obj)
 .text._EncodeStr
                0x000000006000c0ae       0x48 modules/segger/libmodules__segger.a(SEGGER_SYSVIEW.c.obj)
 .text.z_device_state_init
                0x000000006000c0f6        0x2 zephyr/kernel/libkernel.a(device.c.obj)
                0x000000006000c0f6                z_device_state_init
 .text.z_device_ready
                0x000000006000c0f8       0x14 zephyr/kernel/libkernel.a(device.c.obj)
                0x000000006000c0f8                z_device_ready
 .text.arch_system_halt
                0x000000006000c10c       0x12 zephyr/kernel/libkernel.a(fatal.c.obj)
                0x000000006000c10c                arch_system_halt
 .text.k_mem_slab_init
                0x000000006000c11e       0x40 zephyr/kernel/libkernel.a(mem_slab.c.obj)
                0x000000006000c11e                k_mem_slab_init
 .text.k_mem_slab_free
                0x000000006000c15e       0x78 zephyr/kernel/libkernel.a(mem_slab.c.obj)
                0x000000006000c15e                k_mem_slab_free
 .text.k_is_in_isr
                0x000000006000c1d6        0xc zephyr/kernel/libkernel.a(thread.c.obj)
                0x000000006000c1d6                k_is_in_isr
 .text.k_thread_name_get
                0x000000006000c1e2        0x4 zephyr/kernel/libkernel.a(thread.c.obj)
                0x000000006000c1e2                k_thread_name_get
 .text.z_impl_k_thread_start
                0x000000006000c1e6       0x16 zephyr/kernel/libkernel.a(thread.c.obj)
                0x000000006000c1e6                z_impl_k_thread_start
 .text.z_impl_k_thread_stack_space_get
                0x000000006000c1fc       0x1c zephyr/kernel/libkernel.a(thread.c.obj)
                0x000000006000c1fc                z_impl_k_thread_stack_space_get
 .text.z_thread_mark_switched_in
                0x000000006000c218        0x4 zephyr/kernel/libkernel.a(thread.c.obj)
                0x000000006000c218                z_thread_mark_switched_in
 .text.z_thread_mark_switched_out
                0x000000006000c21c        0x4 zephyr/kernel/libkernel.a(thread.c.obj)
                0x000000006000c21c                z_thread_mark_switched_out
 .text.idle     0x000000006000c220       0x18 zephyr/kernel/libkernel.a(idle.c.obj)
                0x000000006000c220                idle
 .text.z_impl_k_msgq_peek
                0x000000006000c238       0x34 zephyr/kernel/libkernel.a(msg_q.c.obj)
                0x000000006000c238                z_impl_k_msgq_peek
 .text.adjust_owner_prio.isra.0
                0x000000006000c26c       0x10 zephyr/kernel/libkernel.a(mutex.c.obj)
 .text.z_impl_k_mutex_init
                0x000000006000c27c       0x1a zephyr/kernel/libkernel.a(mutex.c.obj)
                0x000000006000c27c                z_impl_k_mutex_init
 .text.z_impl_k_sem_init
                0x000000006000c296       0x3a zephyr/kernel/libkernel.a(sem.c.obj)
                0x000000006000c296                z_impl_k_sem_init
 .text.sys_dlist_remove
                0x000000006000c2d0       0x10 zephyr/kernel/libkernel.a(sched.c.obj)
 .text.unpend_thread_no_timeout
                0x000000006000c2e0       0x14 zephyr/kernel/libkernel.a(sched.c.obj)
 .text.z_sched_prio_cmp
                0x000000006000c2f4       0x12 zephyr/kernel/libkernel.a(sched.c.obj)
                0x000000006000c2f4                z_sched_prio_cmp
 .text.add_to_waitq_locked
                0x000000006000c306       0x5c zephyr/kernel/libkernel.a(sched.c.obj)
 .text.z_thread_timeout
                0x000000006000c362       0x44 zephyr/kernel/libkernel.a(sched.c.obj)
                0x000000006000c362                z_thread_timeout
 .text.z_ready_thread
                0x000000006000c3a6       0x20 zephyr/kernel/libkernel.a(sched.c.obj)
                0x000000006000c3a6                z_ready_thread
 .text.z_unpend_thread_no_timeout
                0x000000006000c3c6       0x20 zephyr/kernel/libkernel.a(sched.c.obj)
                0x000000006000c3c6                z_unpend_thread_no_timeout
 .text.z_unpend_thread
                0x000000006000c3e6       0x28 zephyr/kernel/libkernel.a(sched.c.obj)
                0x000000006000c3e6                z_unpend_thread
 .text.z_reschedule_irqlock
                0x000000006000c40e       0x18 zephyr/kernel/libkernel.a(sched.c.obj)
                0x000000006000c40e                z_reschedule_irqlock
 .text.z_reschedule_unlocked
                0x000000006000c426       0x14 zephyr/kernel/libkernel.a(sched.c.obj)
 .text.z_priq_dumb_best
                0x000000006000c43a        0xc zephyr/kernel/libkernel.a(sched.c.obj)
                0x000000006000c43a                z_priq_dumb_best
 .text.z_unpend1_no_timeout
                0x000000006000c446       0x2a zephyr/kernel/libkernel.a(sched.c.obj)
                0x000000006000c446                z_unpend1_no_timeout
 .text.z_unpend_first_thread
                0x000000006000c470       0x30 zephyr/kernel/libkernel.a(sched.c.obj)
                0x000000006000c470                z_unpend_first_thread
 .text.z_sched_wake
                0x000000006000c4a0       0x3c zephyr/kernel/libkernel.a(sched.c.obj)
                0x000000006000c4a0                z_sched_wake
 .text.z_abort_timeout
                0x000000006000c4dc       0x2c zephyr/kernel/libkernel.a(timeout.c.obj)
                0x000000006000c4dc                z_abort_timeout
 .text.z_set_timeout_expiry
                0x000000006000c508       0x34 zephyr/kernel/libkernel.a(timeout.c.obj)
                0x000000006000c508                z_set_timeout_expiry
 .text.sys_clock_tick_get_32
                0x000000006000c53c        0x8 zephyr/kernel/libkernel.a(timeout.c.obj)
                0x000000006000c53c                sys_clock_tick_get_32
 .text.z_impl_k_uptime_ticks
                0x000000006000c544        0x4 zephyr/kernel/libkernel.a(timeout.c.obj)
                0x000000006000c544                z_impl_k_uptime_ticks
 .text.k_timer_init
                0x000000006000c548       0x24 zephyr/kernel/libkernel.a(timer.c.obj)
                0x000000006000c548                k_timer_init
 .text.z_impl_k_timer_stop
                0x000000006000c56c       0x44 zephyr/kernel/libkernel.a(timer.c.obj)
                0x000000006000c56c                z_impl_k_timer_stop
 .text.z_impl_k_timer_status_get
                0x000000006000c5b0       0x22 zephyr/kernel/libkernel.a(timer.c.obj)
                0x000000006000c5b0                z_impl_k_timer_status_get
 .text.add_event
                0x000000006000c5d2       0x64 zephyr/kernel/libkernel.a(poll.c.obj)
 .text.register_events
                0x000000006000c636       0xee zephyr/kernel/libkernel.a(poll.c.obj)
 .text.signal_poll_event
                0x000000006000c724       0xb4 zephyr/kernel/libkernel.a(poll.c.obj)
 .text.clear_event_registrations
                0x000000006000c7d8       0x5e zephyr/kernel/libkernel.a(poll.c.obj)
 .text.k_poll_event_init
                0x000000006000c836       0x1e zephyr/kernel/libkernel.a(poll.c.obj)
                0x000000006000c836                k_poll_event_init
 .text.z_handle_obj_poll_events
                0x000000006000c854       0x1c zephyr/kernel/libkernel.a(poll.c.obj)
                0x000000006000c854                z_handle_obj_poll_events
 .text.z_impl_k_poll_signal_init
                0x000000006000c870        0xa zephyr/kernel/libkernel.a(poll.c.obj)
                0x000000006000c870                z_impl_k_poll_signal_init
 .text.z_impl_k_poll_signal_reset
                0x000000006000c87a        0x6 zephyr/kernel/libkernel.a(poll.c.obj)
                0x000000006000c87a                z_impl_k_poll_signal_reset
 .text.z_impl_k_poll_signal_check
                0x000000006000c880        0xa zephyr/kernel/libkernel.a(poll.c.obj)
                0x000000006000c880                z_impl_k_poll_signal_check
 .text.k_heap_init
                0x000000006000c88a       0x1c zephyr/kernel/libkernel.a(kheap.c.obj)
                0x000000006000c88a                k_heap_init
 .text.flag_test_and_clear
                0x000000006000c8a6       0x16 zephyr/kernel/libkernel.a(work.c.obj)
 .text.notify_queue_locked.isra.0
                0x000000006000c8bc        0xe zephyr/kernel/libkernel.a(work.c.obj)
 .text.k_work_submit_to_queue
                0x000000006000c8ca       0x4e zephyr/kernel/libkernel.a(work.c.obj)
                0x000000006000c8ca                k_work_submit_to_queue
 *(SORT_BY_ALIGNMENT(.TEXT.*))
 *(SORT_BY_ALIGNMENT(.gnu.linkonce.t.*))
 *(SORT_BY_ALIGNMENT(.glue_7t))
 .glue_7t       0x000000006000c918        0x0 linker stubs
 *(SORT_BY_ALIGNMENT(.glue_7))
 .glue_7        0x000000006000c918        0x0 linker stubs
 *(SORT_BY_ALIGNMENT(.vfp11_veneer))
 .vfp11_veneer  0x000000006000c918        0x0 linker stubs
 *(SORT_BY_ALIGNMENT(.v4_bx))
 .v4_bx         0x000000006000c918        0x0 linker stubs
                0x000000006000c918                _image_text_end = .

.ARM.exidx      0x000000006000c918        0x8
                0x000000006000c918                __exidx_start = .
 *(SORT_BY_ALIGNMENT(.ARM.exidx*) SORT_BY_ALIGNMENT(gnu.linkonce.armexidx.*))
 .ARM.exidx     0x000000006000c918        0x8 /home/ravisha96/zephyr-sdk-0.13.2/arm-zephyr-eabi/bin/../lib/gcc/arm-zephyr-eabi/10.3.0/thumb/v7e-m/nofp/libgcc.a(_udivmoddi4.o)
                0x000000006000c920                __exidx_end = .
                0x000000006000c920                _image_rodata_start = .

initlevel       0x000000006000c920       0x98
                0x000000006000c920                __init_start = .
                0x000000006000c920                __init_PRE_KERNEL_1_start = .
 *(SORT_BY_NAME(SORT_BY_ALIGNMENT(.z_init_PRE_KERNEL_1[0-9]_*)))
 .z_init_PRE_KERNEL_10_
                0x000000006000c920        0x8 zephyr/libzephyr.a(soc.c.obj)
 .z_init_PRE_KERNEL_10_
                0x000000006000c928        0x8 zephyr/boards/arm/mimxrt1050_evk/libboards__arm__mimxrt1050_evk.a(pinmux.c.obj)
 *(SORT_BY_NAME(SORT_BY_ALIGNMENT(.z_init_PRE_KERNEL_1[1-9][0-9]_*)))
 .z_init_PRE_KERNEL_130_
                0x000000006000c930        0x8 modules/segger/libmodules__segger.a(SEGGER_RTT_zephyr.c.obj)
 .z_init_PRE_KERNEL_130_
                0x000000006000c938        0x8 zephyr/kernel/libkernel.a(mem_slab.c.obj)
 .z_init_PRE_KERNEL_130_
                0x000000006000c940        0x8 zephyr/kernel/libkernel.a(kheap.c.obj)
 .z_init_PRE_KERNEL_140_
                0x000000006000c948        0x8 zephyr/libzephyr.a(rtt_console.c.obj)
 .z_init_PRE_KERNEL_150_
                0x000000006000c950        0x8 zephyr/libzephyr.a(clock_control_mcux_ccm.c.obj)
 .z_init_PRE_KERNEL_150_
                0x000000006000c958        0x8 zephyr/drivers/serial/libdrivers__serial.a(uart_mcux_lpuart.c.obj)
 .z_init_PRE_KERNEL_160_
                0x000000006000c960        0x8 zephyr/libzephyr.a(uart_console.c.obj)
                0x000000006000c968                __init_PRE_KERNEL_2_start = .
 *(SORT_BY_NAME(SORT_BY_ALIGNMENT(.z_init_PRE_KERNEL_2[0-9]_*)))
 .z_init_PRE_KERNEL_20_
                0x000000006000c968        0x8 zephyr/libzephyr.a(sys_clock_init.c.obj)
 *(SORT_BY_NAME(SORT_BY_ALIGNMENT(.z_init_PRE_KERNEL_2[1-9][0-9]_*)))
                0x000000006000c970                __init_POST_KERNEL_start = .
 *(SORT_BY_NAME(SORT_BY_ALIGNMENT(.z_init_POST_KERNEL[0-9]_*)))
 .z_init_POST_KERNEL0_
                0x000000006000c970        0x8 zephyr/libzephyr.a(log_core.c.obj)
 .z_init_POST_KERNEL0_
                0x000000006000c978        0x8 zephyr/libzephyr.a(shell_uart.c.obj)
 .z_init_POST_KERNEL0_
                0x000000006000c980        0x8 zephyr/libzephyr.a(sysview.c.obj)
 *(SORT_BY_NAME(SORT_BY_ALIGNMENT(.z_init_POST_KERNEL[1-9][0-9]_*)))
 .z_init_POST_KERNEL40_
                0x000000006000c988       0x28 zephyr/drivers/gpio/libdrivers__gpio.a(gpio_mcux_igpio.c.obj)
 .z_init_POST_KERNEL40_
                0x000000006000c9b0        0x8 zephyr/kernel/libkernel.a(system_work_q.c.obj)
                0x000000006000c9b8                __init_APPLICATION_start = .
 *(SORT_BY_NAME(SORT_BY_ALIGNMENT(.z_init_APPLICATION[0-9]_*)))
 *(SORT_BY_NAME(SORT_BY_ALIGNMENT(.z_init_APPLICATION[1-9][0-9]_*)))
                0x000000006000c9b8                __init_SMP_start = .
 *(SORT_BY_NAME(SORT_BY_ALIGNMENT(.z_init_SMP[0-9]_*)))
 *(SORT_BY_NAME(SORT_BY_ALIGNMENT(.z_init_SMP[1-9][0-9]_*)))
                0x000000006000c9b8                __init_end = .

sw_isr_table    0x000000006000c9b8      0x500
                0x000000006000c9b8                . = ALIGN (0x0)
 *(SORT_BY_ALIGNMENT(.gnu.linkonce.sw_isr_table*))
 .gnu.linkonce.sw_isr_table